../Core/Src/main.c:69:6:HAL_UART_RxCpltCallback	5
../Core/Src/main.c:104:6:ToUpper	4
../Core/Src/main.c:111:6:ToLower	4
../Core/Src/main.c:120:6:TrimEx	9
../Core/Src/main.c:137:8:Trim	9
../Core/Src/main.c:151:6:CheckCMD	4
../Core/Src/main.c:176:5:main	1
../Core/Src/main.c:229:6:SystemClock_Config	3
../Core/Src/main.c:276:13:MX_USART1_UART_Init	2
../Core/Src/main.c:309:13:MX_USART2_UART_Init	2
../Core/Src/main.c:340:13:MX_DMA_Init	1
../Core/Src/main.c:362:13:MX_GPIO_Init	1
../Core/Src/main.c:402:6:Error_Handler	1
