../Core/Src/main.c:75:6:microDelay	2
../Core/Src/main.c:83:6:Trigger	1
../Core/Src/main.c:94:6:HAL_GPIO_EXTI_Callback	3
../Core/Src/main.c:118:5:main	1
../Core/Src/main.c:219:6:SystemClock_Config	3
../Core/Src/main.c:266:13:MX_TIM2_Init	4
../Core/Src/main.c:311:13:MX_TIM3_Init	4
../Core/Src/main.c:360:13:MX_USART2_UART_Init	2
../Core/Src/main.c:393:13:MX_GPIO_Init	1
../Core/Src/main.c:455:6:Task1	2
../Core/Src/main.c:480:6:Task02	5
../Core/Src/main.c:510:6:StartTask03	1
../Core/Src/main.c:560:6:StartTask04	2
../Core/Src/main.c:586:6:HAL_TIM_PeriodElapsedCallback	2
../Core/Src/main.c:603:6:Error_Handler	1
