../Core/Src/main.c:75:6:HAL_GPIO_EXTI_Callback	1
../Core/Src/main.c:81:6:LD2Test	1
../Core/Src/main.c:86:6:step_wave	2
../Core/Src/main.c:134:5:main	1
../Core/Src/main.c:235:6:SystemClock_Config	3
../Core/Src/main.c:282:13:MX_TIM2_Init	4
../Core/Src/main.c:327:13:MX_USART2_UART_Init	2
../Core/Src/main.c:360:13:MX_GPIO_Init	1
../Core/Src/main.c:424:6:myStartTask01	2
../Core/Src/main.c:469:6:myStartTask02	2
../Core/Src/main.c:511:6:StartTask03	2
../Core/Src/main.c:541:6:StartTask04	2
../Core/Src/main.c:567:6:HAL_TIM_PeriodElapsedCallback	2
../Core/Src/main.c:584:6:Error_Handler	1
