10:00:58 **** Build of configuration Debug for project Test01 ****
make -j24 all 
arm-none-eabi-gcc "../Drivers/STM32F4xx_HAL_Driver/Src/stm32f4xx_hal.c" -mcpu=cortex-m4 -std=gnu11 -g3 -DDEBUG -DUSE_HAL_DRIVER -DSTM32F411xE -c -I../Core/Inc -I../Drivers/STM32F4xx_HAL_Driver/Inc -I../Drivers/STM32F4xx_HAL_Driver/Inc/Legacy -I../Drivers/CMSIS/Device/ST/STM32F4xx/Include -I../Drivers/CMSIS/Include -O0 -ffunction-sections -fdata-sections -Wall -fstack-usage -fcyclomatic-complexity -MMD -MP -MF"Drivers/STM32F4xx_HAL_Driver/Src/stm32f4xx_hal.d" -MT"Drivers/STM32F4xx_HAL_Driver/Src/stm32f4xx_hal.o" --specs=nano.specs -mfpu=fpv4-sp-d16 -mfloat-abi=hard -mthumb -o "Drivers/STM32F4xx_HAL_Driver/Src/stm32f4xx_hal.o"
arm-none-eabi-gcc "../Drivers/STM32F4xx_HAL_Driver/Src/stm32f4xx_hal_cortex.c" -mcpu=cortex-m4 -std=gnu11 -g3 -DDEBUG -DUSE_HAL_DRIVER -DSTM32F411xE -c -I../Core/Inc -I../Drivers/STM32F4xx_HAL_Driver/Inc -I../Drivers/STM32F4xx_HAL_Driver/Inc/Legacy -I../Drivers/CMSIS/Device/ST/STM32F4xx/Include -I../Drivers/CMSIS/Include -O0 -ffunction-sections -fdata-sections -Wall -fstack-usage -fcyclomatic-complexity -MMD -MP -MF"Drivers/STM32F4xx_HAL_Driver/Src/stm32f4xx_hal_cortex.d" -MT"Drivers/STM32F4xx_HAL_Driver/Src/stm32f4xx_hal_cortex.o" --specs=nano.specs -mfpu=fpv4-sp-d16 -mfloat-abi=hard -mthumb -o "Drivers/STM32F4xx_HAL_Driver/Src/stm32f4xx_hal_cortex.o"
arm-none-eabi-gcc "../Drivers/STM32F4xx_HAL_Driver/Src/stm32f4xx_hal_dma.c" -mcpu=cortex-m4 -std=gnu11 -g3 -DDEBUG -DUSE_HAL_DRIVER -DSTM32F411xE -c -I../Core/Inc -I../Drivers/STM32F4xx_HAL_Driver/Inc -I../Drivers/STM32F4xx_HAL_Driver/Inc/Legacy -I../Drivers/CMSIS/Device/ST/STM32F4xx/Include -I../Drivers/CMSIS/Include -O0 -ffunction-sections -fdata-sections -Wall -fstack-usage -fcyclomatic-complexity -MMD -MP -MF"Drivers/STM32F4xx_HAL_Driver/Src/stm32f4xx_hal_dma.d" -MT"Drivers/STM32F4xx_HAL_Driver/Src/stm32f4xx_hal_dma.o" --specs=nano.specs -mfpu=fpv4-sp-d16 -mfloat-abi=hard -mthumb -o "Drivers/STM32F4xx_HAL_Driver/Src/stm32f4xx_hal_dma.o"
arm-none-eabi-gcc "../Drivers/STM32F4xx_HAL_Driver/Src/stm32f4xx_hal_dma_ex.c" -mcpu=cortex-m4 -std=gnu11 -g3 -DDEBUG -DUSE_HAL_DRIVER -DSTM32F411xE -c -I../Core/Inc -I../Drivers/STM32F4xx_HAL_Driver/Inc -I../Drivers/STM32F4xx_HAL_Driver/Inc/Legacy -I../Drivers/CMSIS/Device/ST/STM32F4xx/Include -I../Drivers/CMSIS/Include -O0 -ffunction-sections -fdata-sections -Wall -fstack-usage -fcyclomatic-complexity -MMD -MP -MF"Drivers/STM32F4xx_HAL_Driver/Src/stm32f4xx_hal_dma_ex.d" -MT"Drivers/STM32F4xx_HAL_Driver/Src/stm32f4xx_hal_dma_ex.o" --specs=nano.specs -mfpu=fpv4-sp-d16 -mfloat-abi=hard -mthumb -o "Drivers/STM32F4xx_HAL_Driver/Src/stm32f4xx_hal_dma_ex.o"
arm-none-eabi-gcc "../Drivers/STM32F4xx_HAL_Driver/Src/stm32f4xx_hal_exti.c" -mcpu=cortex-m4 -std=gnu11 -g3 -DDEBUG -DUSE_HAL_DRIVER -DSTM32F411xE -c -I../Core/Inc -I../Drivers/STM32F4xx_HAL_Driver/Inc -I../Drivers/STM32F4xx_HAL_Driver/Inc/Legacy -I../Drivers/CMSIS/Device/ST/STM32F4xx/Include -I../Drivers/CMSIS/Include -O0 -ffunction-sections -fdata-sections -Wall -fstack-usage -fcyclomatic-complexity -MMD -MP -MF"Drivers/STM32F4xx_HAL_Driver/Src/stm32f4xx_hal_exti.d" -MT"Drivers/STM32F4xx_HAL_Driver/Src/stm32f4xx_hal_exti.o" --specs=nano.specs -mfpu=fpv4-sp-d16 -mfloat-abi=hard -mthumb -o "Drivers/STM32F4xx_HAL_Driver/Src/stm32f4xx_hal_exti.o"
arm-none-eabi-gcc "../Drivers/STM32F4xx_HAL_Driver/Src/stm32f4xx_hal_flash.c" -mcpu=cortex-m4 -std=gnu11 -g3 -DDEBUG -DUSE_HAL_DRIVER -DSTM32F411xE -c -I../Core/Inc -I../Drivers/STM32F4xx_HAL_Driver/Inc -I../Drivers/STM32F4xx_HAL_Driver/Inc/Legacy -I../Drivers/CMSIS/Device/ST/STM32F4xx/Include -I../Drivers/CMSIS/Include -O0 -ffunction-sections -fdata-sections -Wall -fstack-usage -fcyclomatic-complexity -MMD -MP -MF"Drivers/STM32F4xx_HAL_Driver/Src/stm32f4xx_hal_flash.d" -MT"Drivers/STM32F4xx_HAL_Driver/Src/stm32f4xx_hal_flash.o" --specs=nano.specs -mfpu=fpv4-sp-d16 -mfloat-abi=hard -mthumb -o "Drivers/STM32F4xx_HAL_Driver/Src/stm32f4xx_hal_flash.o"
arm-none-eabi-gcc "../Drivers/STM32F4xx_HAL_Driver/Src/stm32f4xx_hal_flash_ex.c" -mcpu=cortex-m4 -std=gnu11 -g3 -DDEBUG -DUSE_HAL_DRIVER -DSTM32F411xE -c -I../Core/Inc -I../Drivers/STM32F4xx_HAL_Driver/Inc -I../Drivers/STM32F4xx_HAL_Driver/Inc/Legacy -I../Drivers/CMSIS/Device/ST/STM32F4xx/Include -I../Drivers/CMSIS/Include -O0 -ffunction-sections -fdata-sections -Wall -fstack-usage -fcyclomatic-complexity -MMD -MP -MF"Drivers/STM32F4xx_HAL_Driver/Src/stm32f4xx_hal_flash_ex.d" -MT"Drivers/STM32F4xx_HAL_Driver/Src/stm32f4xx_hal_flash_ex.o" --specs=nano.specs -mfpu=fpv4-sp-d16 -mfloat-abi=hard -mthumb -o "Drivers/STM32F4xx_HAL_Driver/Src/stm32f4xx_hal_flash_ex.o"
arm-none-eabi-gcc "../Drivers/STM32F4xx_HAL_Driver/Src/stm32f4xx_hal_flash_ramfunc.c" -mcpu=cortex-m4 -std=gnu11 -g3 -DDEBUG -DUSE_HAL_DRIVER -DSTM32F411xE -c -I../Core/Inc -I../Drivers/STM32F4xx_HAL_Driver/Inc -I../Drivers/STM32F4xx_HAL_Driver/Inc/Legacy -I../Drivers/CMSIS/Device/ST/STM32F4xx/Include -I../Drivers/CMSIS/Include -O0 -ffunction-sections -fdata-sections -Wall -fstack-usage -fcyclomatic-complexity -MMD -MP -MF"Drivers/STM32F4xx_HAL_Driver/Src/stm32f4xx_hal_flash_ramfunc.d" -MT"Drivers/STM32F4xx_HAL_Driver/Src/stm32f4xx_hal_flash_ramfunc.o" --specs=nano.specs -mfpu=fpv4-sp-d16 -mfloat-abi=hard -mthumb -o "Drivers/STM32F4xx_HAL_Driver/Src/stm32f4xx_hal_flash_ramfunc.o"
arm-none-eabi-gcc "../Drivers/STM32F4xx_HAL_Driver/Src/stm32f4xx_hal_gpio.c" -mcpu=cortex-m4 -std=gnu11 -g3 -DDEBUG -DUSE_HAL_DRIVER -DSTM32F411xE -c -I../Core/Inc -I../Drivers/STM32F4xx_HAL_Driver/Inc -I../Drivers/STM32F4xx_HAL_Driver/Inc/Legacy -I../Drivers/CMSIS/Device/ST/STM32F4xx/Include -I../Drivers/CMSIS/Include -O0 -ffunction-sections -fdata-sections -Wall -fstack-usage -fcyclomatic-complexity -MMD -MP -MF"Drivers/STM32F4xx_HAL_Driver/Src/stm32f4xx_hal_gpio.d" -MT"Drivers/STM32F4xx_HAL_Driver/Src/stm32f4xx_hal_gpio.o" --specs=nano.specs -mfpu=fpv4-sp-d16 -mfloat-abi=hard -mthumb -o "Drivers/STM32F4xx_HAL_Driver/Src/stm32f4xx_hal_gpio.o"
arm-none-eabi-gcc "../Drivers/STM32F4xx_HAL_Driver/Src/stm32f4xx_hal_pwr.c" -mcpu=cortex-m4 -std=gnu11 -g3 -DDEBUG -DUSE_HAL_DRIVER -DSTM32F411xE -c -I../Core/Inc -I../Drivers/STM32F4xx_HAL_Driver/Inc -I../Drivers/STM32F4xx_HAL_Driver/Inc/Legacy -I../Drivers/CMSIS/Device/ST/STM32F4xx/Include -I../Drivers/CMSIS/Include -O0 -ffunction-sections -fdata-sections -Wall -fstack-usage -fcyclomatic-complexity -MMD -MP -MF"Drivers/STM32F4xx_HAL_Driver/Src/stm32f4xx_hal_pwr.d" -MT"Drivers/STM32F4xx_HAL_Driver/Src/stm32f4xx_hal_pwr.o" --specs=nano.specs -mfpu=fpv4-sp-d16 -mfloat-abi=hard -mthumb -o "Drivers/STM32F4xx_HAL_Driver/Src/stm32f4xx_hal_pwr.o"
arm-none-eabi-gcc "../Drivers/STM32F4xx_HAL_Driver/Src/stm32f4xx_hal_pwr_ex.c" -mcpu=cortex-m4 -std=gnu11 -g3 -DDEBUG -DUSE_HAL_DRIVER -DSTM32F411xE -c -I../Core/Inc -I../Drivers/STM32F4xx_HAL_Driver/Inc -I../Drivers/STM32F4xx_HAL_Driver/Inc/Legacy -I../Drivers/CMSIS/Device/ST/STM32F4xx/Include -I../Drivers/CMSIS/Include -O0 -ffunction-sections -fdata-sections -Wall -fstack-usage -fcyclomatic-complexity -MMD -MP -MF"Drivers/STM32F4xx_HAL_Driver/Src/stm32f4xx_hal_pwr_ex.d" -MT"Drivers/STM32F4xx_HAL_Driver/Src/stm32f4xx_hal_pwr_ex.o" --specs=nano.specs -mfpu=fpv4-sp-d16 -mfloat-abi=hard -mthumb -o "Drivers/STM32F4xx_HAL_Driver/Src/stm32f4xx_hal_pwr_ex.o"
arm-none-eabi-gcc "../Drivers/STM32F4xx_HAL_Driver/Src/stm32f4xx_hal_rcc.c" -mcpu=cortex-m4 -std=gnu11 -g3 -DDEBUG -DUSE_HAL_DRIVER -DSTM32F411xE -c -I../Core/Inc -I../Drivers/STM32F4xx_HAL_Driver/Inc -I../Drivers/STM32F4xx_HAL_Driver/Inc/Legacy -I../Drivers/CMSIS/Device/ST/STM32F4xx/Include -I../Drivers/CMSIS/Include -O0 -ffunction-sections -fdata-sections -Wall -fstack-usage -fcyclomatic-complexity -MMD -MP -MF"Drivers/STM32F4xx_HAL_Driver/Src/stm32f4xx_hal_rcc.d" -MT"Drivers/STM32F4xx_HAL_Driver/Src/stm32f4xx_hal_rcc.o" --specs=nano.specs -mfpu=fpv4-sp-d16 -mfloat-abi=hard -mthumb -o "Drivers/STM32F4xx_HAL_Driver/Src/stm32f4xx_hal_rcc.o"
arm-none-eabi-gcc "../Drivers/STM32F4xx_HAL_Driver/Src/stm32f4xx_hal_rcc_ex.c" -mcpu=cortex-m4 -std=gnu11 -g3 -DDEBUG -DUSE_HAL_DRIVER -DSTM32F411xE -c -I../Core/Inc -I../Drivers/STM32F4xx_HAL_Driver/Inc -I../Drivers/STM32F4xx_HAL_Driver/Inc/Legacy -I../Drivers/CMSIS/Device/ST/STM32F4xx/Include -I../Drivers/CMSIS/Include -O0 -ffunction-sections -fdata-sections -Wall -fstack-usage -fcyclomatic-complexity -MMD -MP -MF"Drivers/STM32F4xx_HAL_Driver/Src/stm32f4xx_hal_rcc_ex.d" -MT"Drivers/STM32F4xx_HAL_Driver/Src/stm32f4xx_hal_rcc_ex.o" --specs=nano.specs -mfpu=fpv4-sp-d16 -mfloat-abi=hard -mthumb -o "Drivers/STM32F4xx_HAL_Driver/Src/stm32f4xx_hal_rcc_ex.o"
arm-none-eabi-gcc "../Drivers/STM32F4xx_HAL_Driver/Src/stm32f4xx_hal_tim.c" -mcpu=cortex-m4 -std=gnu11 -g3 -DDEBUG -DUSE_HAL_DRIVER -DSTM32F411xE -c -I../Core/Inc -I../Drivers/STM32F4xx_HAL_Driver/Inc -I../Drivers/STM32F4xx_HAL_Driver/Inc/Legacy -I../Drivers/CMSIS/Device/ST/STM32F4xx/Include -I../Drivers/CMSIS/Include -O0 -ffunction-sections -fdata-sections -Wall -fstack-usage -fcyclomatic-complexity -MMD -MP -MF"Drivers/STM32F4xx_HAL_Driver/Src/stm32f4xx_hal_tim.d" -MT"Drivers/STM32F4xx_HAL_Driver/Src/stm32f4xx_hal_tim.o" --specs=nano.specs -mfpu=fpv4-sp-d16 -mfloat-abi=hard -mthumb -o "Drivers/STM32F4xx_HAL_Driver/Src/stm32f4xx_hal_tim.o"
arm-none-eabi-gcc "../Drivers/STM32F4xx_HAL_Driver/Src/stm32f4xx_hal_tim_ex.c" -mcpu=cortex-m4 -std=gnu11 -g3 -DDEBUG -DUSE_HAL_DRIVER -DSTM32F411xE -c -I../Core/Inc -I../Drivers/STM32F4xx_HAL_Driver/Inc -I../Drivers/STM32F4xx_HAL_Driver/Inc/Legacy -I../Drivers/CMSIS/Device/ST/STM32F4xx/Include -I../Drivers/CMSIS/Include -O0 -ffunction-sections -fdata-sections -Wall -fstack-usage -fcyclomatic-complexity -MMD -MP -MF"Drivers/STM32F4xx_HAL_Driver/Src/stm32f4xx_hal_tim_ex.d" -MT"Drivers/STM32F4xx_HAL_Driver/Src/stm32f4xx_hal_tim_ex.o" --specs=nano.specs -mfpu=fpv4-sp-d16 -mfloat-abi=hard -mthumb -o "Drivers/STM32F4xx_HAL_Driver/Src/stm32f4xx_hal_tim_ex.o"
arm-none-eabi-gcc "../Drivers/STM32F4xx_HAL_Driver/Src/stm32f4xx_hal_uart.c" -mcpu=cortex-m4 -std=gnu11 -g3 -DDEBUG -DUSE_HAL_DRIVER -DSTM32F411xE -c -I../Core/Inc -I../Drivers/STM32F4xx_HAL_Driver/Inc -I../Drivers/STM32F4xx_HAL_Driver/Inc/Legacy -I../Drivers/CMSIS/Device/ST/STM32F4xx/Include -I../Drivers/CMSIS/Include -O0 -ffunction-sections -fdata-sections -Wall -fstack-usage -fcyclomatic-complexity -MMD -MP -MF"Drivers/STM32F4xx_HAL_Driver/Src/stm32f4xx_hal_uart.d" -MT"Drivers/STM32F4xx_HAL_Driver/Src/stm32f4xx_hal_uart.o" --specs=nano.specs -mfpu=fpv4-sp-d16 -mfloat-abi=hard -mthumb -o "Drivers/STM32F4xx_HAL_Driver/Src/stm32f4xx_hal_uart.o"
arm-none-eabi-gcc -mcpu=cortex-m4 -g3 -DDEBUG -c -x assembler-with-cpp -MMD -MP -MF"Core/Startup/startup_stm32f411retx.d" -MT"Core/Startup/startup_stm32f411retx.o" --specs=nano.specs -mfpu=fpv4-sp-d16 -mfloat-abi=hard -mthumb -o "Core/Startup/startup_stm32f411retx.o" "../Core/Startup/startup_stm32f411retx.s"
arm-none-eabi-gcc "../Core/Src/main.c" -mcpu=cortex-m4 -std=gnu11 -g3 -DDEBUG -DUSE_HAL_DRIVER -DSTM32F411xE -c -I../Core/Inc -I../Drivers/STM32F4xx_HAL_Driver/Inc -I../Drivers/STM32F4xx_HAL_Driver/Inc/Legacy -I../Drivers/CMSIS/Device/ST/STM32F4xx/Include -I../Drivers/CMSIS/Include -O0 -ffunction-sections -fdata-sections -Wall -fstack-usage -fcyclomatic-complexity -MMD -MP -MF"Core/Src/main.d" -MT"Core/Src/main.o" --specs=nano.specs -mfpu=fpv4-sp-d16 -mfloat-abi=hard -mthumb -o "Core/Src/main.o"
arm-none-eabi-gcc "../Core/Src/stm32f4xx_hal_msp.c" -mcpu=cortex-m4 -std=gnu11 -g3 -DDEBUG -DUSE_HAL_DRIVER -DSTM32F411xE -c -I../Core/Inc -I../Drivers/STM32F4xx_HAL_Driver/Inc -I../Drivers/STM32F4xx_HAL_Driver/Inc/Legacy -I../Drivers/CMSIS/Device/ST/STM32F4xx/Include -I../Drivers/CMSIS/Include -O0 -ffunction-sections -fdata-sections -Wall -fstack-usage -fcyclomatic-complexity -MMD -MP -MF"Core/Src/stm32f4xx_hal_msp.d" -MT"Core/Src/stm32f4xx_hal_msp.o" --specs=nano.specs -mfpu=fpv4-sp-d16 -mfloat-abi=hard -mthumb -o "Core/Src/stm32f4xx_hal_msp.o"
arm-none-eabi-gcc "../Core/Src/stm32f4xx_it.c" -mcpu=cortex-m4 -std=gnu11 -g3 -DDEBUG -DUSE_HAL_DRIVER -DSTM32F411xE -c -I../Core/Inc -I../Drivers/STM32F4xx_HAL_Driver/Inc -I../Drivers/STM32F4xx_HAL_Driver/Inc/Legacy -I../Drivers/CMSIS/Device/ST/STM32F4xx/Include -I../Drivers/CMSIS/Include -O0 -ffunction-sections -fdata-sections -Wall -fstack-usage -fcyclomatic-complexity -MMD -MP -MF"Core/Src/stm32f4xx_it.d" -MT"Core/Src/stm32f4xx_it.o" --specs=nano.specs -mfpu=fpv4-sp-d16 -mfloat-abi=hard -mthumb -o "Core/Src/stm32f4xx_it.o"
arm-none-eabi-gcc "../Core/Src/syscalls.c" -mcpu=cortex-m4 -std=gnu11 -g3 -DDEBUG -DUSE_HAL_DRIVER -DSTM32F411xE -c -I../Core/Inc -I../Drivers/STM32F4xx_HAL_Driver/Inc -I../Drivers/STM32F4xx_HAL_Driver/Inc/Legacy -I../Drivers/CMSIS/Device/ST/STM32F4xx/Include -I../Drivers/CMSIS/Include -O0 -ffunction-sections -fdata-sections -Wall -fstack-usage -fcyclomatic-complexity -MMD -MP -MF"Core/Src/syscalls.d" -MT"Core/Src/syscalls.o" --specs=nano.specs -mfpu=fpv4-sp-d16 -mfloat-abi=hard -mthumb -o "Core/Src/syscalls.o"
arm-none-eabi-gcc "../Core/Src/sysmem.c" -mcpu=cortex-m4 -std=gnu11 -g3 -DDEBUG -DUSE_HAL_DRIVER -DSTM32F411xE -c -I../Core/Inc -I../Drivers/STM32F4xx_HAL_Driver/Inc -I../Drivers/STM32F4xx_HAL_Driver/Inc/Legacy -I../Drivers/CMSIS/Device/ST/STM32F4xx/Include -I../Drivers/CMSIS/Include -O0 -ffunction-sections -fdata-sections -Wall -fstack-usage -fcyclomatic-complexity -MMD -MP -MF"Core/Src/sysmem.d" -MT"Core/Src/sysmem.o" --specs=nano.specs -mfpu=fpv4-sp-d16 -mfloat-abi=hard -mthumb -o "Core/Src/sysmem.o"
arm-none-eabi-gcc "../Core/Src/system_stm32f4xx.c" -mcpu=cortex-m4 -std=gnu11 -g3 -DDEBUG -DUSE_HAL_DRIVER -DSTM32F411xE -c -I../Core/Inc -I../Drivers/STM32F4xx_HAL_Driver/Inc -I../Drivers/STM32F4xx_HAL_Driver/Inc/Legacy -I../Drivers/CMSIS/Device/ST/STM32F4xx/Include -I../Drivers/CMSIS/Include -O0 -ffunction-sections -fdata-sections -Wall -fstack-usage -fcyclomatic-complexity -MMD -MP -MF"Core/Src/system_stm32f4xx.d" -MT"Core/Src/system_stm32f4xx.o" --specs=nano.specs -mfpu=fpv4-sp-d16 -mfloat-abi=hard -mthumb -o "Core/Src/system_stm32f4xx.o"
arm-none-eabi-gcc -o "Test01.elf" @"objects.list"   -mcpu=cortex-m4 -T"C:\Users\user\source\repos\STM32\Test01\STM32F411RETX_FLASH.ld" --specs=nosys.specs -Wl,-Map="Test01.map" -Wl,--gc-sections -static --specs=nano.specs -mfpu=fpv4-sp-d16 -mfloat-abi=hard -mthumb -Wl,--start-group -lc -lm -Wl,--end-group
Finished building target: Test01.elf
 
arm-none-eabi-size  Test01.elf 
arm-none-eabi-objdump -h -S Test01.elf  > "Test01.list"
   text	   data	    bss	    dec	    hex	filename
   7644	     20	   1644	   9308	   245c	Test01.elf
Finished building: default.size.stdout
 
Finished building: Test01.list
 
10:14:06 **** Incremental Build of configuration Debug for project Test01 ****
make -j24 all 
arm-none-eabi-size  Test01.elf 
   text	   data	    bss	    dec	    hex	filename
   7644	     20	   1644	   9308	   245c	Test01.elf
Finished building: default.size.stdout
 
10:15:34 **** Incremental Build of configuration Debug for project Test01 ****
make -j24 all 
arm-none-eabi-size  Test01.elf 
   text	   data	    bss	    dec	    hex	filename
   7644	     20	   1644	   9308	   245c	Test01.elf
Finished building: default.size.stdout
 
10:18:36 **** Incremental Build of configuration Debug for project Test01 ****
make -j24 all 
arm-none-eabi-size  Test01.elf 
   text	   data	    bss	    dec	    hex	filename
   7644	     20	   1644	   9308	   245c	Test01.elf
Finished building: default.size.stdout
 
10:24:37 **** Incremental Build of configuration Debug for project Test01 ****
make -j24 all 
arm-none-eabi-size  Test01.elf 
   text	   data	    bss	    dec	    hex	filename
   7644	     20	   1644	   9308	   245c	Test01.elf
Finished building: default.size.stdout
 
10:25:02 **** Incremental Build of configuration Debug for project Test01 ****
make -j24 all 
arm-none-eabi-size  Test01.elf 
   text	   data	    bss	    dec	    hex	filename
   7644	     20	   1644	   9308	   245c	Test01.elf
Finished building: default.size.stdout
 
11:30:16 **** Incremental Build of configuration Debug for project Test01 ****
make -j24 all 
arm-none-eabi-gcc "../Core/Src/main.c" -mcpu=cortex-m4 -std=gnu11 -g3 -DDEBUG -DUSE_HAL_DRIVER -DSTM32F411xE -c -I../Core/Inc -I../Drivers/STM32F4xx_HAL_Driver/Inc -I../Drivers/STM32F4xx_HAL_Driver/Inc/Legacy -I../Drivers/CMSIS/Device/ST/STM32F4xx/Include -I../Drivers/CMSIS/Include -O0 -ffunction-sections -fdata-sections -Wall -fstack-usage -fcyclomatic-complexity -MMD -MP -MF"Core/Src/main.d" -MT"Core/Src/main.o" --specs=nano.specs -mfpu=fpv4-sp-d16 -mfloat-abi=hard -mthumb -o "Core/Src/main.o"
arm-none-eabi-gcc -o "Test01.elf" @"objects.list"   -mcpu=cortex-m4 -T"C:\Users\user\source\repos\STM32\Test01\STM32F411RETX_FLASH.ld" --specs=nosys.specs -Wl,-Map="Test01.map" -Wl,--gc-sections -static --specs=nano.specs -mfpu=fpv4-sp-d16 -mfloat-abi=hard -mthumb -Wl,--start-group -lc -lm -Wl,--end-group
Finished building target: Test01.elf
 
arm-none-eabi-size  Test01.elf 
arm-none-eabi-objdump -h -S Test01.elf  > "Test01.list"
   text	   data	    bss	    dec	    hex	filename
   7656	     20	   1644	   9320	   2468	Test01.elf
Finished building: default.size.stdout
 
Finished building: Test01.list
 
11:30:50 **** Incremental Build of configuration Debug for project Test01 ****
make -j24 all 
arm-none-eabi-size  Test01.elf 
   text	   data	    bss	    dec	    hex	filename
   7656	     20	   1644	   9320	   2468	Test01.elf
Finished building: default.size.stdout
 
11:30:53 **** Incremental Build of configuration Debug for project Test01 ****
make -j24 all 
arm-none-eabi-size  Test01.elf 
   text	   data	    bss	    dec	    hex	filename
   7656	     20	   1644	   9320	   2468	Test01.elf
Finished building: default.size.stdout
 
11:32:22 **** Incremental Build of configuration Debug for project Test01 ****
make -j24 all 
arm-none-eabi-gcc "../Core/Src/main.c" -mcpu=cortex-m4 -std=gnu11 -g3 -DDEBUG -DUSE_HAL_DRIVER -DSTM32F411xE -c -I../Core/Inc -I../Drivers/STM32F4xx_HAL_Driver/Inc -I../Drivers/STM32F4xx_HAL_Driver/Inc/Legacy -I../Drivers/CMSIS/Device/ST/STM32F4xx/Include -I../Drivers/CMSIS/Include -O0 -ffunction-sections -fdata-sections -Wall -fstack-usage -fcyclomatic-complexity -MMD -MP -MF"Core/Src/main.d" -MT"Core/Src/main.o" --specs=nano.specs -mfpu=fpv4-sp-d16 -mfloat-abi=hard -mthumb -o "Core/Src/main.o"
arm-none-eabi-gcc -o "Test01.elf" @"objects.list"   -mcpu=cortex-m4 -T"C:\Users\user\source\repos\STM32\Test01\STM32F411RETX_FLASH.ld" --specs=nosys.specs -Wl,-Map="Test01.map" -Wl,--gc-sections -static --specs=nano.specs -mfpu=fpv4-sp-d16 -mfloat-abi=hard -mthumb -Wl,--start-group -lc -lm -Wl,--end-group
Finished building target: Test01.elf
 
arm-none-eabi-size  Test01.elf 
arm-none-eabi-objdump -h -S Test01.elf  > "Test01.list"
   text	   data	    bss	    dec	    hex	filename
   7748	     20	   1644	   9412	   24c4	Test01.elf
Finished building: default.size.stdout
 
Finished building: Test01.list
 
11:34:26 **** Incremental Build of configuration Debug for project Test01 ****
make -j24 all 
arm-none-eabi-gcc "../Core/Src/main.c" -mcpu=cortex-m4 -std=gnu11 -g3 -DDEBUG -DUSE_HAL_DRIVER -DSTM32F411xE -c -I../Core/Inc -I../Drivers/STM32F4xx_HAL_Driver/Inc -I../Drivers/STM32F4xx_HAL_Driver/Inc/Legacy -I../Drivers/CMSIS/Device/ST/STM32F4xx/Include -I../Drivers/CMSIS/Include -O0 -ffunction-sections -fdata-sections -Wall -fstack-usage -fcyclomatic-complexity -MMD -MP -MF"Core/Src/main.d" -MT"Core/Src/main.o" --specs=nano.specs -mfpu=fpv4-sp-d16 -mfloat-abi=hard -mthumb -o "Core/Src/main.o"
arm-none-eabi-gcc -o "Test01.elf" @"objects.list"   -mcpu=cortex-m4 -T"C:\Users\user\source\repos\STM32\Test01\STM32F411RETX_FLASH.ld" --specs=nosys.specs -Wl,-Map="Test01.map" -Wl,--gc-sections -static --specs=nano.specs -mfpu=fpv4-sp-d16 -mfloat-abi=hard -mthumb -Wl,--start-group -lc -lm -Wl,--end-group
Finished building target: Test01.elf
 
arm-none-eabi-size  Test01.elf 
arm-none-eabi-objdump -h -S Test01.elf  > "Test01.list"
   text	   data	    bss	    dec	    hex	filename
   7748	     20	   1644	   9412	   24c4	Test01.elf
Finished building: default.size.stdout
 
Finished building: Test01.list
 
11:35:22 **** Incremental Build of configuration Debug for project Test01 ****
make -j24 all 
arm-none-eabi-gcc "../Core/Src/main.c" -mcpu=cortex-m4 -std=gnu11 -g3 -DDEBUG -DUSE_HAL_DRIVER -DSTM32F411xE -c -I../Core/Inc -I../Drivers/STM32F4xx_HAL_Driver/Inc -I../Drivers/STM32F4xx_HAL_Driver/Inc/Legacy -I../Drivers/CMSIS/Device/ST/STM32F4xx/Include -I../Drivers/CMSIS/Include -O0 -ffunction-sections -fdata-sections -Wall -fstack-usage -fcyclomatic-complexity -MMD -MP -MF"Core/Src/main.d" -MT"Core/Src/main.o" --specs=nano.specs -mfpu=fpv4-sp-d16 -mfloat-abi=hard -mthumb -o "Core/Src/main.o"
arm-none-eabi-gcc -o "Test01.elf" @"objects.list"   -mcpu=cortex-m4 -T"C:\Users\user\source\repos\STM32\Test01\STM32F411RETX_FLASH.ld" --specs=nosys.specs -Wl,-Map="Test01.map" -Wl,--gc-sections -static --specs=nano.specs -mfpu=fpv4-sp-d16 -mfloat-abi=hard -mthumb -Wl,--start-group -lc -lm -Wl,--end-group
Finished building target: Test01.elf
 
arm-none-eabi-size  Test01.elf 
arm-none-eabi-objdump -h -S Test01.elf  > "Test01.list"
   text	   data	    bss	    dec	    hex	filename
   7756	     20	   1644	   9420	   24cc	Test01.elf
Finished building: default.size.stdout
 
Finished building: Test01.list
 
11:40:23 **** Incremental Build of configuration Debug for project Test01 ****
make -j24 all 
arm-none-eabi-gcc "../Core/Src/main.c" -mcpu=cortex-m4 -std=gnu11 -g3 -DDEBUG -DUSE_HAL_DRIVER -DSTM32F411xE -c -I../Core/Inc -I../Drivers/STM32F4xx_HAL_Driver/Inc -I../Drivers/STM32F4xx_HAL_Driver/Inc/Legacy -I../Drivers/CMSIS/Device/ST/STM32F4xx/Include -I../Drivers/CMSIS/Include -O0 -ffunction-sections -fdata-sections -Wall -fstack-usage -fcyclomatic-complexity -MMD -MP -MF"Core/Src/main.d" -MT"Core/Src/main.o" --specs=nano.specs -mfpu=fpv4-sp-d16 -mfloat-abi=hard -mthumb -o "Core/Src/main.o"
arm-none-eabi-gcc -o "Test01.elf" @"objects.list"   -mcpu=cortex-m4 -T"C:\Users\user\source\repos\STM32\Test01\STM32F411RETX_FLASH.ld" --specs=nosys.specs -Wl,-Map="Test01.map" -Wl,--gc-sections -static --specs=nano.specs -mfpu=fpv4-sp-d16 -mfloat-abi=hard -mthumb -Wl,--start-group -lc -lm -Wl,--end-group
Finished building target: Test01.elf
 
arm-none-eabi-size  Test01.elf 
arm-none-eabi-objdump -h -S Test01.elf  > "Test01.list"
   text	   data	    bss	    dec	    hex	filename
   7644	     20	   1644	   9308	   245c	Test01.elf
Finished building: default.size.stdout
 
Finished building: Test01.list
 
11:40:50 **** Incremental Build of configuration Debug for project Test01 ****
make -j24 all 
arm-none-eabi-gcc "../Core/Src/main.c" -mcpu=cortex-m4 -std=gnu11 -g3 -DDEBUG -DUSE_HAL_DRIVER -DSTM32F411xE -c -I../Core/Inc -I../Drivers/STM32F4xx_HAL_Driver/Inc -I../Drivers/STM32F4xx_HAL_Driver/Inc/Legacy -I../Drivers/CMSIS/Device/ST/STM32F4xx/Include -I../Drivers/CMSIS/Include -O0 -ffunction-sections -fdata-sections -Wall -fstack-usage -fcyclomatic-complexity -MMD -MP -MF"Core/Src/main.d" -MT"Core/Src/main.o" --specs=nano.specs -mfpu=fpv4-sp-d16 -mfloat-abi=hard -mthumb -o "Core/Src/main.o"
arm-none-eabi-gcc -o "Test01.elf" @"objects.list"   -mcpu=cortex-m4 -T"C:\Users\user\source\repos\STM32\Test01\STM32F411RETX_FLASH.ld" --specs=nosys.specs -Wl,-Map="Test01.map" -Wl,--gc-sections -static --specs=nano.specs -mfpu=fpv4-sp-d16 -mfloat-abi=hard -mthumb -Wl,--start-group -lc -lm -Wl,--end-group
Finished building target: Test01.elf
 
arm-none-eabi-size  Test01.elf 
arm-none-eabi-objdump -h -S Test01.elf  > "Test01.list"
   text	   data	    bss	    dec	    hex	filename
   7644	     20	   1644	   9308	   245c	Test01.elf
Finished building: default.size.stdout
 
Finished building: Test01.list
 
11:41:23 **** Incremental Build of configuration Debug for project Test01 ****
make -j24 all 
arm-none-eabi-gcc "../Core/Src/main.c" -mcpu=cortex-m4 -std=gnu11 -g3 -DDEBUG -DUSE_HAL_DRIVER -DSTM32F411xE -c -I../Core/Inc -I../Drivers/STM32F4xx_HAL_Driver/Inc -I../Drivers/STM32F4xx_HAL_Driver/Inc/Legacy -I../Drivers/CMSIS/Device/ST/STM32F4xx/Include -I../Drivers/CMSIS/Include -O0 -ffunction-sections -fdata-sections -Wall -fstack-usage -fcyclomatic-complexity -MMD -MP -MF"Core/Src/main.d" -MT"Core/Src/main.o" --specs=nano.specs -mfpu=fpv4-sp-d16 -mfloat-abi=hard -mthumb -o "Core/Src/main.o"
arm-none-eabi-gcc -o "Test01.elf" @"objects.list"   -mcpu=cortex-m4 -T"C:\Users\user\source\repos\STM32\Test01\STM32F411RETX_FLASH.ld" --specs=nosys.specs -Wl,-Map="Test01.map" -Wl,--gc-sections -static --specs=nano.specs -mfpu=fpv4-sp-d16 -mfloat-abi=hard -mthumb -Wl,--start-group -lc -lm -Wl,--end-group
Finished building target: Test01.elf
 
arm-none-eabi-size  Test01.elf 
arm-none-eabi-objdump -h -S Test01.elf  > "Test01.list"
   text	   data	    bss	    dec	    hex	filename
   7756	     20	   1644	   9420	   24cc	Test01.elf
Finished building: default.size.stdout
 
Finished building: Test01.list
 
11:53:30 **** Incremental Build of configuration Debug for project Test01 ****
make -j24 all 
arm-none-eabi-gcc "../Core/Src/main.c" -mcpu=cortex-m4 -std=gnu11 -g3 -DDEBUG -DUSE_HAL_DRIVER -DSTM32F411xE -c -I../Core/Inc -I../Drivers/STM32F4xx_HAL_Driver/Inc -I../Drivers/STM32F4xx_HAL_Driver/Inc/Legacy -I../Drivers/CMSIS/Device/ST/STM32F4xx/Include -I../Drivers/CMSIS/Include -O0 -ffunction-sections -fdata-sections -Wall -fstack-usage -fcyclomatic-complexity -MMD -MP -MF"Core/Src/main.d" -MT"Core/Src/main.o" --specs=nano.specs -mfpu=fpv4-sp-d16 -mfloat-abi=hard -mthumb -o "Core/Src/main.o"
../Core/Src/main.c: In function 'main':
../Core/Src/main.c:93:1: warning: implicit declaration of function 'HAL_GPIO_Writepin'; did you mean 'HAL_GPIO_WritePin'? [-Wimplicit-function-declaration]
   93 | HAL_GPIO_Writepin (B1_GPIO_Port, PC13, 1)
      | ^~~~~~~~~~~~~~~~~
      | HAL_GPIO_WritePin
../Core/Src/main.c:93:34: error: 'PC13' undeclared (first use in this function)
   93 | HAL_GPIO_Writepin (B1_GPIO_Port, PC13, 1)
      |                                  ^~~~
../Core/Src/main.c:93:34: note: each undeclared identifier is reported only once for each function it appears in
../Core/Src/main.c:93:42: error: expected ';' before 'while'
   93 | HAL_GPIO_Writepin (B1_GPIO_Port, PC13, 1)
      |                                          ^
      |                                          ;
......
   98 |   while (1)
      |   ~~~~~                                   
make: *** [Core/Src/subdir.mk:34: Core/Src/main.o] Error 1
"make -j24 all" terminated with exit code 2. Build might be incomplete.
11:53:44 **** Incremental Build of configuration Debug for project Test01 ****
make -j24 all 
arm-none-eabi-gcc "../Core/Src/main.c" -mcpu=cortex-m4 -std=gnu11 -g3 -DDEBUG -DUSE_HAL_DRIVER -DSTM32F411xE -c -I../Core/Inc -I../Drivers/STM32F4xx_HAL_Driver/Inc -I../Drivers/STM32F4xx_HAL_Driver/Inc/Legacy -I../Drivers/CMSIS/Device/ST/STM32F4xx/Include -I../Drivers/CMSIS/Include -O0 -ffunction-sections -fdata-sections -Wall -fstack-usage -fcyclomatic-complexity -MMD -MP -MF"Core/Src/main.d" -MT"Core/Src/main.o" --specs=nano.specs -mfpu=fpv4-sp-d16 -mfloat-abi=hard -mthumb -o "Core/Src/main.o"
../Core/Src/main.c: In function 'main':
../Core/Src/main.c:93:1: warning: implicit declaration of function 'HAL_GPIO_Writepin'; did you mean 'HAL_GPIO_WritePin'? [-Wimplicit-function-declaration]
   93 | HAL_GPIO_Writepin (B1_GPIO_Port, PC13, 1);
      | ^~~~~~~~~~~~~~~~~
      | HAL_GPIO_WritePin
../Core/Src/main.c:93:34: error: 'PC13' undeclared (first use in this function)
   93 | HAL_GPIO_Writepin (B1_GPIO_Port, PC13, 1);
      |                                  ^~~~
../Core/Src/main.c:93:34: note: each undeclared identifier is reported only once for each function it appears in
../Core/Src/main.c:100:26: warning: left-hand operand of comma expression has no effect [-Wunused-value]
  100 |           if(B1_GPIO_Port, PC13 ==0)
      |                          ^
../Core/Src/main.c:105:42: warning: left-hand operand of comma expression has no effect [-Wunused-value]
  105 |                     else if (B1_GPIO_Port, PC13 ==1)
      |                                          ^
../Core/Src/main.c:106:26: warning: implicit declaration of function 'HAL_GPIO_WrittenPin'; did you mean 'HAL_GPIO_WritePin'? [-Wimplicit-function-declaration]
  106 |                         {HAL_GPIO_WrittenPin(LD2_GPIO_Port, LD2_Pin, 0);}
      |                          ^~~~~~~~~~~~~~~~~~~
      |                          HAL_GPIO_WritePin
make: *** [Core/Src/subdir.mk:34: Core/Src/main.o] Error 1
"make -j24 all" terminated with exit code 2. Build might be incomplete.
11:54:12 **** Incremental Build of configuration Debug for project Test01 ****
make -j24 all 
arm-none-eabi-gcc "../Core/Src/main.c" -mcpu=cortex-m4 -std=gnu11 -g3 -DDEBUG -DUSE_HAL_DRIVER -DSTM32F411xE -c -I../Core/Inc -I../Drivers/STM32F4xx_HAL_Driver/Inc -I../Drivers/STM32F4xx_HAL_Driver/Inc/Legacy -I../Drivers/CMSIS/Device/ST/STM32F4xx/Include -I../Drivers/CMSIS/Include -O0 -ffunction-sections -fdata-sections -Wall -fstack-usage -fcyclomatic-complexity -MMD -MP -MF"Core/Src/main.d" -MT"Core/Src/main.o" --specs=nano.specs -mfpu=fpv4-sp-d16 -mfloat-abi=hard -mthumb -o "Core/Src/main.o"
../Core/Src/main.c: In function 'main':
../Core/Src/main.c:99:28: error: 'PC13' undeclared (first use in this function)
   99 |           if(B1_GPIO_Port, PC13 ==0)
      |                            ^~~~
../Core/Src/main.c:99:28: note: each undeclared identifier is reported only once for each function it appears in
../Core/Src/main.c:99:26: warning: left-hand operand of comma expression has no effect [-Wunused-value]
   99 |           if(B1_GPIO_Port, PC13 ==0)
      |                          ^
../Core/Src/main.c:104:42: warning: left-hand operand of comma expression has no effect [-Wunused-value]
  104 |                     else if (B1_GPIO_Port, PC13 ==1)
      |                                          ^
../Core/Src/main.c:105:26: warning: implicit declaration of function 'HAL_GPIO_WrittenPin'; did you mean 'HAL_GPIO_WritePin'? [-Wimplicit-function-declaration]
  105 |                         {HAL_GPIO_WrittenPin(LD2_GPIO_Port, LD2_Pin, 0);}
      |                          ^~~~~~~~~~~~~~~~~~~
      |                          HAL_GPIO_WritePin
make: *** [Core/Src/subdir.mk:34: Core/Src/main.o] Error 1
"make -j24 all" terminated with exit code 2. Build might be incomplete.
11:54:49 **** Incremental Build of configuration Debug for project Test01 ****
make -j24 all 
arm-none-eabi-gcc "../Core/Src/main.c" -mcpu=cortex-m4 -std=gnu11 -g3 -DDEBUG -DUSE_HAL_DRIVER -DSTM32F411xE -c -I../Core/Inc -I../Drivers/STM32F4xx_HAL_Driver/Inc -I../Drivers/STM32F4xx_HAL_Driver/Inc/Legacy -I../Drivers/CMSIS/Device/ST/STM32F4xx/Include -I../Drivers/CMSIS/Include -O0 -ffunction-sections -fdata-sections -Wall -fstack-usage -fcyclomatic-complexity -MMD -MP -MF"Core/Src/main.d" -MT"Core/Src/main.o" --specs=nano.specs -mfpu=fpv4-sp-d16 -mfloat-abi=hard -mthumb -o "Core/Src/main.o"
../Core/Src/main.c: In function 'main':
../Core/Src/main.c:99:28: error: 'PC13' undeclared (first use in this function)
   99 |           if(B1_GPIO_Port, PC13 == 0)
      |                            ^~~~
../Core/Src/main.c:99:28: note: each undeclared identifier is reported only once for each function it appears in
../Core/Src/main.c:99:26: warning: left-hand operand of comma expression has no effect [-Wunused-value]
   99 |           if(B1_GPIO_Port, PC13 == 0)
      |                          ^
../Core/Src/main.c:104:42: warning: left-hand operand of comma expression has no effect [-Wunused-value]
  104 |                     else if (B1_GPIO_Port, PC13 ==1)
      |                                          ^
../Core/Src/main.c:105:26: warning: implicit declaration of function 'HAL_GPIO_WrittenPin'; did you mean 'HAL_GPIO_WritePin'? [-Wimplicit-function-declaration]
  105 |                         {HAL_GPIO_WrittenPin(LD2_GPIO_Port, LD2_Pin, 0);}
      |                          ^~~~~~~~~~~~~~~~~~~
      |                          HAL_GPIO_WritePin
make: *** [Core/Src/subdir.mk:34: Core/Src/main.o] Error 1
"make -j24 all" terminated with exit code 2. Build might be incomplete.
11:54:50 **** Incremental Build of configuration Debug for project Test01 ****
make -j24 all 
arm-none-eabi-gcc "../Core/Src/main.c" -mcpu=cortex-m4 -std=gnu11 -g3 -DDEBUG -DUSE_HAL_DRIVER -DSTM32F411xE -c -I../Core/Inc -I../Drivers/STM32F4xx_HAL_Driver/Inc -I../Drivers/STM32F4xx_HAL_Driver/Inc/Legacy -I../Drivers/CMSIS/Device/ST/STM32F4xx/Include -I../Drivers/CMSIS/Include -O0 -ffunction-sections -fdata-sections -Wall -fstack-usage -fcyclomatic-complexity -MMD -MP -MF"Core/Src/main.d" -MT"Core/Src/main.o" --specs=nano.specs -mfpu=fpv4-sp-d16 -mfloat-abi=hard -mthumb -o "Core/Src/main.o"
../Core/Src/main.c: In function 'main':
../Core/Src/main.c:99:28: error: 'PC13' undeclared (first use in this function)
   99 |           if(B1_GPIO_Port, PC13 == 0)
      |                            ^~~~
../Core/Src/main.c:99:28: note: each undeclared identifier is reported only once for each function it appears in
../Core/Src/main.c:99:26: warning: left-hand operand of comma expression has no effect [-Wunused-value]
   99 |           if(B1_GPIO_Port, PC13 == 0)
      |                          ^
../Core/Src/main.c:104:42: warning: left-hand operand of comma expression has no effect [-Wunused-value]
  104 |                     else if (B1_GPIO_Port, PC13 ==1)
      |                                          ^
../Core/Src/main.c:105:26: warning: implicit declaration of function 'HAL_GPIO_WrittenPin'; did you mean 'HAL_GPIO_WritePin'? [-Wimplicit-function-declaration]
  105 |                         {HAL_GPIO_WrittenPin(LD2_GPIO_Port, LD2_Pin, 0);}
      |                          ^~~~~~~~~~~~~~~~~~~
      |                          HAL_GPIO_WritePin
make: *** [Core/Src/subdir.mk:34: Core/Src/main.o] Error 1
"make -j24 all" terminated with exit code 2. Build might be incomplete.
11:55:31 **** Incremental Build of configuration Debug for project Test01 ****
make -j24 all 
arm-none-eabi-gcc "../Core/Src/main.c" -mcpu=cortex-m4 -std=gnu11 -g3 -DDEBUG -DUSE_HAL_DRIVER -DSTM32F411xE -c -I../Core/Inc -I../Drivers/STM32F4xx_HAL_Driver/Inc -I../Drivers/STM32F4xx_HAL_Driver/Inc/Legacy -I../Drivers/CMSIS/Device/ST/STM32F4xx/Include -I../Drivers/CMSIS/Include -O0 -ffunction-sections -fdata-sections -Wall -fstack-usage -fcyclomatic-complexity -MMD -MP -MF"Core/Src/main.d" -MT"Core/Src/main.o" --specs=nano.specs -mfpu=fpv4-sp-d16 -mfloat-abi=hard -mthumb -o "Core/Src/main.o"
../Core/Src/main.c: In function 'main':
../Core/Src/main.c:99:28: error: 'PC13' undeclared (first use in this function)
   99 |           if(B1_GPIO_Port, PC13 = 0)
      |                            ^~~~
../Core/Src/main.c:99:28: note: each undeclared identifier is reported only once for each function it appears in
../Core/Src/main.c:99:26: warning: left-hand operand of comma expression has no effect [-Wunused-value]
   99 |           if(B1_GPIO_Port, PC13 = 0)
      |                          ^
../Core/Src/main.c:104:42: warning: left-hand operand of comma expression has no effect [-Wunused-value]
  104 |                     else if (B1_GPIO_Port, PC13 =1)
      |                                          ^
../Core/Src/main.c:105:26: warning: implicit declaration of function 'HAL_GPIO_WrittenPin'; did you mean 'HAL_GPIO_WritePin'? [-Wimplicit-function-declaration]
  105 |                         {HAL_GPIO_WrittenPin(LD2_GPIO_Port, LD2_Pin, 0);}
      |                          ^~~~~~~~~~~~~~~~~~~
      |                          HAL_GPIO_WritePin
make: *** [Core/Src/subdir.mk:34: Core/Src/main.o] Error 1
"make -j24 all" terminated with exit code 2. Build might be incomplete.
11:59:01 **** Incremental Build of configuration Debug for project Test01 ****
make -j24 all 
arm-none-eabi-gcc "../Core/Src/main.c" -mcpu=cortex-m4 -std=gnu11 -g3 -DDEBUG -DUSE_HAL_DRIVER -DSTM32F411xE -c -I../Core/Inc -I../Drivers/STM32F4xx_HAL_Driver/Inc -I../Drivers/STM32F4xx_HAL_Driver/Inc/Legacy -I../Drivers/CMSIS/Device/ST/STM32F4xx/Include -I../Drivers/CMSIS/Include -O0 -ffunction-sections -fdata-sections -Wall -fstack-usage -fcyclomatic-complexity -MMD -MP -MF"Core/Src/main.d" -MT"Core/Src/main.o" --specs=nano.specs -mfpu=fpv4-sp-d16 -mfloat-abi=hard -mthumb -o "Core/Src/main.o"
../Core/Src/main.c: In function 'main':
../Core/Src/main.c:99:14: warning: implicit declaration of function 'HAL_GPIO_Writepin'; did you mean 'HAL_GPIO_WritePin'? [-Wimplicit-function-declaration]
   99 |           if(HAL_GPIO_Writepin(B1_GPIO_Port, B1_Pin == 0))
      |              ^~~~~~~~~~~~~~~~~
      |              HAL_GPIO_WritePin
../Core/Src/main.c:105:26: warning: implicit declaration of function 'HAL_GPIO_WrittenPin'; did you mean 'HAL_GPIO_WritePin'? [-Wimplicit-function-declaration]
  105 |                         {HAL_GPIO_WrittenPin(LD2_GPIO_Port, LD2_Pin, 0);}
      |                          ^~~~~~~~~~~~~~~~~~~
      |                          HAL_GPIO_WritePin
arm-none-eabi-gcc -o "Test01.elf" @"objects.list"   -mcpu=cortex-m4 -T"C:\Users\user\source\repos\STM32\Test01\STM32F411RETX_FLASH.ld" --specs=nosys.specs -Wl,-Map="Test01.map" -Wl,--gc-sections -static --specs=nano.specs -mfpu=fpv4-sp-d16 -mfloat-abi=hard -mthumb -Wl,--start-group -lc -lm -Wl,--end-group
C:/ST/STM32CubeIDE_1.14.1/STM32CubeIDE/plugins/com.st.stm32cube.ide.mcu.externaltools.gnu-tools-for-stm32.11.3.rel1.win32_1.1.100.202309141235/tools/bin/../lib/gcc/arm-none-eabi/11.3.1/../../../../arm-none-eabi/bin/ld.exe: ./Core/Src/main.o: in function `main':
C:/Users/user/source/repos/STM32/Test01/Debug/../Core/Src/main.c:99: undefined reference to `HAL_GPIO_Writepin'
C:/ST/STM32CubeIDE_1.14.1/STM32CubeIDE/plugins/com.st.stm32cube.ide.mcu.externaltools.gnu-tools-for-stm32.11.3.rel1.win32_1.1.100.202309141235/tools/bin/../lib/gcc/arm-none-eabi/11.3.1/../../../../arm-none-eabi/bin/ld.exe: C:/Users/user/source/repos/STM32/Test01/Debug/../Core/Src/main.c:104: undefined reference to `HAL_GPIO_Writepin'
C:/ST/STM32CubeIDE_1.14.1/STM32CubeIDE/plugins/com.st.stm32cube.ide.mcu.externaltools.gnu-tools-for-stm32.11.3.rel1.win32_1.1.100.202309141235/tools/bin/../lib/gcc/arm-none-eabi/11.3.1/../../../../arm-none-eabi/bin/ld.exe: C:/Users/user/source/repos/STM32/Test01/Debug/../Core/Src/main.c:105: undefined reference to `HAL_GPIO_WrittenPin'
collect2.exe: error: ld returned 1 exit status
make: *** [makefile:64: Test01.elf] Error 1
"make -j24 all" terminated with exit code 2. Build might be incomplete.
12:04:10 **** Incremental Build of configuration Debug for project Test01 ****
make -j24 all 
arm-none-eabi-gcc "../Core/Src/main.c" -mcpu=cortex-m4 -std=gnu11 -g3 -DDEBUG -DUSE_HAL_DRIVER -DSTM32F411xE -c -I../Core/Inc -I../Drivers/STM32F4xx_HAL_Driver/Inc -I../Drivers/STM32F4xx_HAL_Driver/Inc/Legacy -I../Drivers/CMSIS/Device/ST/STM32F4xx/Include -I../Drivers/CMSIS/Include -O0 -ffunction-sections -fdata-sections -Wall -fstack-usage -fcyclomatic-complexity -MMD -MP -MF"Core/Src/main.d" -MT"Core/Src/main.o" --specs=nano.specs -mfpu=fpv4-sp-d16 -mfloat-abi=hard -mthumb -o "Core/Src/main.o"
../Core/Src/main.c: In function 'main':
../Core/Src/main.c:93:6: warning: implicit declaration of function 'HAL_GPIO_Writepin'; did you mean 'HAL_GPIO_WritePin'? [-Wimplicit-function-declaration]
   93 |   if(HAL_GPIO_Writepin(B1_GPIO_Port, B1_Pin) == 0)
      |      ^~~~~~~~~~~~~~~~~
      |      HAL_GPIO_WritePin
../Core/Src/main.c:95:18: error: expected expression before ')' token
   95 |           while (){
      |                  ^
../Core/Src/main.c:100:11: error: expected '}' before 'else'
  100 |           else {HAL_GPIO_WrittenPin(LD2_GPIO_Port, LD2_Pin, 0);}
      |           ^~~~
../Core/Src/main.c:100:17: warning: implicit declaration of function 'HAL_GPIO_WrittenPin'; did you mean 'HAL_GPIO_WritePin'? [-Wimplicit-function-declaration]
  100 |           else {HAL_GPIO_WrittenPin(LD2_GPIO_Port, LD2_Pin, 0);}
      |                 ^~~~~~~~~~~~~~~~~~~
      |                 HAL_GPIO_WritePin
../Core/Src/main.c: At top level:
../Core/Src/main.c:108:3: error: expected identifier or '(' before 'while'
  108 |   while (1)
      |   ^~~~~
../Core/Src/main.c:116:1: error: expected identifier or '(' before '}' token
  116 | }
      | ^
make: *** [Core/Src/subdir.mk:34: Core/Src/main.o] Error 1
"make -j24 all" terminated with exit code 2. Build might be incomplete.
12:04:38 **** Incremental Build of configuration Debug for project Test01 ****
make -j24 all 
arm-none-eabi-gcc "../Core/Src/main.c" -mcpu=cortex-m4 -std=gnu11 -g3 -DDEBUG -DUSE_HAL_DRIVER -DSTM32F411xE -c -I../Core/Inc -I../Drivers/STM32F4xx_HAL_Driver/Inc -I../Drivers/STM32F4xx_HAL_Driver/Inc/Legacy -I../Drivers/CMSIS/Device/ST/STM32F4xx/Include -I../Drivers/CMSIS/Include -O0 -ffunction-sections -fdata-sections -Wall -fstack-usage -fcyclomatic-complexity -MMD -MP -MF"Core/Src/main.d" -MT"Core/Src/main.o" --specs=nano.specs -mfpu=fpv4-sp-d16 -mfloat-abi=hard -mthumb -o "Core/Src/main.o"
../Core/Src/main.c: In function 'main':
../Core/Src/main.c:93:6: warning: implicit declaration of function 'HAL_GPIO_Writepin'; did you mean 'HAL_GPIO_WritePin'? [-Wimplicit-function-declaration]
   93 |   if(HAL_GPIO_Writepin(B1_GPIO_Port, B1_Pin) == 0)
      |      ^~~~~~~~~~~~~~~~~
      |      HAL_GPIO_WritePin
../Core/Src/main.c:95:18: error: expected expression before ')' token
   95 |           while (){
      |                  ^
../Core/Src/main.c:100:11: error: expected '}' before 'else'
  100 |           else {HAL_GPIO_WrittenPin(LD2_GPIO_Port, LD2_Pin, 0);}
      |           ^~~~
../Core/Src/main.c:100:17: warning: implicit declaration of function 'HAL_GPIO_WrittenPin'; did you mean 'HAL_GPIO_WritePin'? [-Wimplicit-function-declaration]
  100 |           else {HAL_GPIO_WrittenPin(LD2_GPIO_Port, LD2_Pin, 0);}
      |                 ^~~~~~~~~~~~~~~~~~~
      |                 HAL_GPIO_WritePin
../Core/Src/main.c: At top level:
../Core/Src/main.c:108:3: error: expected identifier or '(' before 'while'
  108 |   while (1)
      |   ^~~~~
../Core/Src/main.c:115:1: error: expected identifier or '(' before '}' token
  115 | }
      | ^
make: *** [Core/Src/subdir.mk:34: Core/Src/main.o] Error 1
"make -j24 all" terminated with exit code 2. Build might be incomplete.
12:04:52 **** Incremental Build of configuration Debug for project Test01 ****
make -j24 all 
arm-none-eabi-gcc "../Core/Src/main.c" -mcpu=cortex-m4 -std=gnu11 -g3 -DDEBUG -DUSE_HAL_DRIVER -DSTM32F411xE -c -I../Core/Inc -I../Drivers/STM32F4xx_HAL_Driver/Inc -I../Drivers/STM32F4xx_HAL_Driver/Inc/Legacy -I../Drivers/CMSIS/Device/ST/STM32F4xx/Include -I../Drivers/CMSIS/Include -O0 -ffunction-sections -fdata-sections -Wall -fstack-usage -fcyclomatic-complexity -MMD -MP -MF"Core/Src/main.d" -MT"Core/Src/main.o" --specs=nano.specs -mfpu=fpv4-sp-d16 -mfloat-abi=hard -mthumb -o "Core/Src/main.o"
../Core/Src/main.c: In function 'main':
../Core/Src/main.c:93:6: warning: implicit declaration of function 'HAL_GPIO_Writepin'; did you mean 'HAL_GPIO_WritePin'? [-Wimplicit-function-declaration]
   93 |   if(HAL_GPIO_Writepin(B1_GPIO_Port, B1_Pin) == 0)
      |      ^~~~~~~~~~~~~~~~~
      |      HAL_GPIO_WritePin
../Core/Src/main.c:95:18: error: expected expression before ')' token
   95 |           while (){
      |                  ^
../Core/Src/main.c:100:11: error: expected '}' before 'else'
  100 |           else {HAL_GPIO_WrittenPin(LD2_GPIO_Port, LD2_Pin, 0);}
      |           ^~~~
../Core/Src/main.c:100:17: warning: implicit declaration of function 'HAL_GPIO_WrittenPin'; did you mean 'HAL_GPIO_WritePin'? [-Wimplicit-function-declaration]
  100 |           else {HAL_GPIO_WrittenPin(LD2_GPIO_Port, LD2_Pin, 0);}
      |                 ^~~~~~~~~~~~~~~~~~~
      |                 HAL_GPIO_WritePin
../Core/Src/main.c: At top level:
../Core/Src/main.c:108:3: error: expected identifier or '(' before 'while'
  108 |   while (1)
      |   ^~~~~
../Core/Src/main.c:115:1: error: expected identifier or '(' before '}' token
  115 | }
      | ^
make: *** [Core/Src/subdir.mk:34: Core/Src/main.o] Error 1
"make -j24 all" terminated with exit code 2. Build might be incomplete.
12:05:04 **** Incremental Build of configuration Debug for project Test01 ****
make -j24 all 
arm-none-eabi-gcc "../Core/Src/main.c" -mcpu=cortex-m4 -std=gnu11 -g3 -DDEBUG -DUSE_HAL_DRIVER -DSTM32F411xE -c -I../Core/Inc -I../Drivers/STM32F4xx_HAL_Driver/Inc -I../Drivers/STM32F4xx_HAL_Driver/Inc/Legacy -I../Drivers/CMSIS/Device/ST/STM32F4xx/Include -I../Drivers/CMSIS/Include -O0 -ffunction-sections -fdata-sections -Wall -fstack-usage -fcyclomatic-complexity -MMD -MP -MF"Core/Src/main.d" -MT"Core/Src/main.o" --specs=nano.specs -mfpu=fpv4-sp-d16 -mfloat-abi=hard -mthumb -o "Core/Src/main.o"
../Core/Src/main.c: In function 'main':
../Core/Src/main.c:93:6: warning: implicit declaration of function 'HAL_GPIO_Writepin'; did you mean 'HAL_GPIO_WritePin'? [-Wimplicit-function-declaration]
   93 |   if(HAL_GPIO_Writepin(B1_GPIO_Port, B1_Pin) == 0)
      |      ^~~~~~~~~~~~~~~~~
      |      HAL_GPIO_WritePin
../Core/Src/main.c:100:11: error: expected '}' before 'else'
  100 |           else {HAL_GPIO_WrittenPin(LD2_GPIO_Port, LD2_Pin, 0);}
      |           ^~~~
../Core/Src/main.c:100:17: warning: implicit declaration of function 'HAL_GPIO_WrittenPin'; did you mean 'HAL_GPIO_WritePin'? [-Wimplicit-function-declaration]
  100 |           else {HAL_GPIO_WrittenPin(LD2_GPIO_Port, LD2_Pin, 0);}
      |                 ^~~~~~~~~~~~~~~~~~~
      |                 HAL_GPIO_WritePin
../Core/Src/main.c: At top level:
../Core/Src/main.c:108:3: error: expected identifier or '(' before 'while'
  108 |   while (1)
      |   ^~~~~
../Core/Src/main.c:115:1: error: expected identifier or '(' before '}' token
  115 | }
      | ^
make: *** [Core/Src/subdir.mk:34: Core/Src/main.o] Error 1
"make -j24 all" terminated with exit code 2. Build might be incomplete.
12:05:36 **** Incremental Build of configuration Debug for project Test01 ****
make -j24 all 
arm-none-eabi-gcc "../Core/Src/main.c" -mcpu=cortex-m4 -std=gnu11 -g3 -DDEBUG -DUSE_HAL_DRIVER -DSTM32F411xE -c -I../Core/Inc -I../Drivers/STM32F4xx_HAL_Driver/Inc -I../Drivers/STM32F4xx_HAL_Driver/Inc/Legacy -I../Drivers/CMSIS/Device/ST/STM32F4xx/Include -I../Drivers/CMSIS/Include -O0 -ffunction-sections -fdata-sections -Wall -fstack-usage -fcyclomatic-complexity -MMD -MP -MF"Core/Src/main.d" -MT"Core/Src/main.o" --specs=nano.specs -mfpu=fpv4-sp-d16 -mfloat-abi=hard -mthumb -o "Core/Src/main.o"
../Core/Src/main.c: In function 'main':
../Core/Src/main.c:93:6: warning: implicit declaration of function 'HAL_GPIO_Writepin'; did you mean 'HAL_GPIO_WritePin'? [-Wimplicit-function-declaration]
   93 |   if(HAL_GPIO_Writepin(B1_GPIO_Port, B1_Pin) == 0)
      |      ^~~~~~~~~~~~~~~~~
      |      HAL_GPIO_WritePin
../Core/Src/main.c:100:11: error: expected '}' before 'else'
  100 |           else {HAL_GPIO_WrittenPin(LD2_GPIO_Port, LD2_Pin, 0);}
      |           ^~~~
../Core/Src/main.c:100:17: warning: implicit declaration of function 'HAL_GPIO_WrittenPin'; did you mean 'HAL_GPIO_WritePin'? [-Wimplicit-function-declaration]
  100 |           else {HAL_GPIO_WrittenPin(LD2_GPIO_Port, LD2_Pin, 0);}
      |                 ^~~~~~~~~~~~~~~~~~~
      |                 HAL_GPIO_WritePin
../Core/Src/main.c: At top level:
../Core/Src/main.c:108:3: error: expected identifier or '(' before 'while'
  108 |   while (1){
      |   ^~~~~
make: *** [Core/Src/subdir.mk:34: Core/Src/main.o] Error 1
"make -j24 all" terminated with exit code 2. Build might be incomplete.
12:05:56 **** Incremental Build of configuration Debug for project Test01 ****
make -j24 all 
arm-none-eabi-gcc "../Core/Src/main.c" -mcpu=cortex-m4 -std=gnu11 -g3 -DDEBUG -DUSE_HAL_DRIVER -DSTM32F411xE -c -I../Core/Inc -I../Drivers/STM32F4xx_HAL_Driver/Inc -I../Drivers/STM32F4xx_HAL_Driver/Inc/Legacy -I../Drivers/CMSIS/Device/ST/STM32F4xx/Include -I../Drivers/CMSIS/Include -O0 -ffunction-sections -fdata-sections -Wall -fstack-usage -fcyclomatic-complexity -MMD -MP -MF"Core/Src/main.d" -MT"Core/Src/main.o" --specs=nano.specs -mfpu=fpv4-sp-d16 -mfloat-abi=hard -mthumb -o "Core/Src/main.o"
../Core/Src/main.c: In function 'main':
../Core/Src/main.c:93:6: warning: implicit declaration of function 'HAL_GPIO_Writepin'; did you mean 'HAL_GPIO_WritePin'? [-Wimplicit-function-declaration]
   93 |   if(HAL_GPIO_Writepin(B1_GPIO_Port, B1_Pin) == 0)
      |      ^~~~~~~~~~~~~~~~~
      |      HAL_GPIO_WritePin
../Core/Src/main.c:100:11: error: expected '}' before 'else'
  100 |           else {HAL_GPIO_WrittenPin(LD2_GPIO_Port, LD2_Pin, 0);}
      |           ^~~~
../Core/Src/main.c:100:17: warning: implicit declaration of function 'HAL_GPIO_WrittenPin'; did you mean 'HAL_GPIO_WritePin'? [-Wimplicit-function-declaration]
  100 |           else {HAL_GPIO_WrittenPin(LD2_GPIO_Port, LD2_Pin, 0);}
      |                 ^~~~~~~~~~~~~~~~~~~
      |                 HAL_GPIO_WritePin
../Core/Src/main.c: At top level:
../Core/Src/main.c:103:3: error: expected identifier or '(' before '}' token
  103 |   }
      |   ^
../Core/Src/main.c:109:3: error: expected identifier or '(' before 'while'
  109 |   while (1)
      |   ^~~~~
../Core/Src/main.c:116:1: error: expected identifier or '(' before '}' token
  116 | }
      | ^
make: *** [Core/Src/subdir.mk:34: Core/Src/main.o] Error 1
"make -j24 all" terminated with exit code 2. Build might be incomplete.
12:05:59 **** Incremental Build of configuration Debug for project Test01 ****
make -j24 all 
arm-none-eabi-gcc "../Core/Src/main.c" -mcpu=cortex-m4 -std=gnu11 -g3 -DDEBUG -DUSE_HAL_DRIVER -DSTM32F411xE -c -I../Core/Inc -I../Drivers/STM32F4xx_HAL_Driver/Inc -I../Drivers/STM32F4xx_HAL_Driver/Inc/Legacy -I../Drivers/CMSIS/Device/ST/STM32F4xx/Include -I../Drivers/CMSIS/Include -O0 -ffunction-sections -fdata-sections -Wall -fstack-usage -fcyclomatic-complexity -MMD -MP -MF"Core/Src/main.d" -MT"Core/Src/main.o" --specs=nano.specs -mfpu=fpv4-sp-d16 -mfloat-abi=hard -mthumb -o "Core/Src/main.o"
../Core/Src/main.c: In function 'main':
../Core/Src/main.c:93:6: warning: implicit declaration of function 'HAL_GPIO_Writepin'; did you mean 'HAL_GPIO_WritePin'? [-Wimplicit-function-declaration]
   93 |   if(HAL_GPIO_Writepin(B1_GPIO_Port, B1_Pin) == 0)
      |      ^~~~~~~~~~~~~~~~~
      |      HAL_GPIO_WritePin
../Core/Src/main.c:100:11: error: expected '}' before 'else'
  100 |           else {HAL_GPIO_WrittenPin(LD2_GPIO_Port, LD2_Pin, 0);}
      |           ^~~~
../Core/Src/main.c:100:17: warning: implicit declaration of function 'HAL_GPIO_WrittenPin'; did you mean 'HAL_GPIO_WritePin'? [-Wimplicit-function-declaration]
  100 |           else {HAL_GPIO_WrittenPin(LD2_GPIO_Port, LD2_Pin, 0);}
      |                 ^~~~~~~~~~~~~~~~~~~
      |                 HAL_GPIO_WritePin
../Core/Src/main.c: At top level:
../Core/Src/main.c:103:3: error: expected identifier or '(' before '}' token
  103 |   }
      |   ^
../Core/Src/main.c:109:3: error: expected identifier or '(' before 'while'
  109 |   while (1)
      |   ^~~~~
../Core/Src/main.c:116:1: error: expected identifier or '(' before '}' token
  116 | }
      | ^
make: *** [Core/Src/subdir.mk:34: Core/Src/main.o] Error 1
"make -j24 all" terminated with exit code 2. Build might be incomplete.
12:06:55 **** Incremental Build of configuration Debug for project Test01 ****
make -j24 all 
arm-none-eabi-gcc "../Core/Src/main.c" -mcpu=cortex-m4 -std=gnu11 -g3 -DDEBUG -DUSE_HAL_DRIVER -DSTM32F411xE -c -I../Core/Inc -I../Drivers/STM32F4xx_HAL_Driver/Inc -I../Drivers/STM32F4xx_HAL_Driver/Inc/Legacy -I../Drivers/CMSIS/Device/ST/STM32F4xx/Include -I../Drivers/CMSIS/Include -O0 -ffunction-sections -fdata-sections -Wall -fstack-usage -fcyclomatic-complexity -MMD -MP -MF"Core/Src/main.d" -MT"Core/Src/main.o" --specs=nano.specs -mfpu=fpv4-sp-d16 -mfloat-abi=hard -mthumb -o "Core/Src/main.o"
../Core/Src/main.c: In function 'main':
../Core/Src/main.c:93:6: warning: implicit declaration of function 'HAL_GPIO_Writepin'; did you mean 'HAL_GPIO_WritePin'? [-Wimplicit-function-declaration]
   93 |   if(HAL_GPIO_Writepin(B1_GPIO_Port, B1_Pin) == 0)
      |      ^~~~~~~~~~~~~~~~~
      |      HAL_GPIO_WritePin
../Core/Src/main.c:100:11: error: expected '}' before 'else'
  100 |           else {HAL_GPIO_WrittenPin(LD2_GPIO_Port, LD2_Pin, 0);}
      |           ^~~~
../Core/Src/main.c:100:17: warning: implicit declaration of function 'HAL_GPIO_WrittenPin'; did you mean 'HAL_GPIO_WritePin'? [-Wimplicit-function-declaration]
  100 |           else {HAL_GPIO_WrittenPin(LD2_GPIO_Port, LD2_Pin, 0);}
      |                 ^~~~~~~~~~~~~~~~~~~
      |                 HAL_GPIO_WritePin
../Core/Src/main.c: At top level:
../Core/Src/main.c:108:3: error: expected identifier or '(' before 'while'
  108 |   while (1)
      |   ^~~~~
../Core/Src/main.c:115:1: error: expected identifier or '(' before '}' token
  115 | }
      | ^
make: *** [Core/Src/subdir.mk:34: Core/Src/main.o] Error 1
"make -j24 all" terminated with exit code 2. Build might be incomplete.
12:12:31 **** Incremental Build of configuration Debug for project Test01 ****
make -j24 all 
arm-none-eabi-gcc "../Core/Src/main.c" -mcpu=cortex-m4 -std=gnu11 -g3 -DDEBUG -DUSE_HAL_DRIVER -DSTM32F411xE -c -I../Core/Inc -I../Drivers/STM32F4xx_HAL_Driver/Inc -I../Drivers/STM32F4xx_HAL_Driver/Inc/Legacy -I../Drivers/CMSIS/Device/ST/STM32F4xx/Include -I../Drivers/CMSIS/Include -O0 -ffunction-sections -fdata-sections -Wall -fstack-usage -fcyclomatic-complexity -MMD -MP -MF"Core/Src/main.d" -MT"Core/Src/main.o" --specs=nano.specs -mfpu=fpv4-sp-d16 -mfloat-abi=hard -mthumb -o "Core/Src/main.o"
../Core/Src/main.c: In function 'main':
../Core/Src/main.c:93:6: warning: implicit declaration of function 'HAL_GPIO_Writepin'; did you mean 'HAL_GPIO_WritePin'? [-Wimplicit-function-declaration]
   93 |   if(HAL_GPIO_Writepin(B1_GPIO_Port, B1_Pin) == 0)
      |      ^~~~~~~~~~~~~~~~~
      |      HAL_GPIO_WritePin
../Core/Src/main.c:100:11: error: expected '}' before 'else'
  100 |           else {HAL_GPIO_WrittenPin(LD2_GPIO_Port, LD2_Pin, 0);}
      |           ^~~~
../Core/Src/main.c:100:17: warning: implicit declaration of function 'HAL_GPIO_WrittenPin'; did you mean 'HAL_GPIO_WritePin'? [-Wimplicit-function-declaration]
  100 |           else {HAL_GPIO_WrittenPin(LD2_GPIO_Port, LD2_Pin, 0);}
      |                 ^~~~~~~~~~~~~~~~~~~
      |                 HAL_GPIO_WritePin
../Core/Src/main.c: At top level:
../Core/Src/main.c:108:3: error: expected identifier or '(' before 'while'
  108 |   while (1)
      |   ^~~~~
../Core/Src/main.c:115:1: error: expected identifier or '(' before '}' token
  115 | }
      | ^
make: *** [Core/Src/subdir.mk:34: Core/Src/main.o] Error 1
"make -j24 all" terminated with exit code 2. Build might be incomplete.
12:13:39 **** Incremental Build of configuration Debug for project Test01 ****
make -j24 all 
arm-none-eabi-gcc "../Core/Src/main.c" -mcpu=cortex-m4 -std=gnu11 -g3 -DDEBUG -DUSE_HAL_DRIVER -DSTM32F411xE -c -I../Core/Inc -I../Drivers/STM32F4xx_HAL_Driver/Inc -I../Drivers/STM32F4xx_HAL_Driver/Inc/Legacy -I../Drivers/CMSIS/Device/ST/STM32F4xx/Include -I../Drivers/CMSIS/Include -O0 -ffunction-sections -fdata-sections -Wall -fstack-usage -fcyclomatic-complexity -MMD -MP -MF"Core/Src/main.d" -MT"Core/Src/main.o" --specs=nano.specs -mfpu=fpv4-sp-d16 -mfloat-abi=hard -mthumb -o "Core/Src/main.o"
../Core/Src/main.c: In function 'main':
../Core/Src/main.c:93:6: warning: implicit declaration of function 'HAL_GPIO_Writepin'; did you mean 'HAL_GPIO_WritePin'? [-Wimplicit-function-declaration]
   93 |   if(HAL_GPIO_Writepin(B1_GPIO_Port, B1_Pin) == 0)
      |      ^~~~~~~~~~~~~~~~~
      |      HAL_GPIO_WritePin
../Core/Src/main.c:100:19: warning: implicit declaration of function 'HAL_GPIO_WrittenPin'; did you mean 'HAL_GPIO_WritePin'? [-Wimplicit-function-declaration]
  100 |           else  {{HAL_GPIO_WrittenPin(LD2_GPIO_Port, LD2_Pin, 0);}
      |                   ^~~~~~~~~~~~~~~~~~~
      |                   HAL_GPIO_WritePin
arm-none-eabi-gcc -o "Test01.elf" @"objects.list"   -mcpu=cortex-m4 -T"C:\Users\user\source\repos\STM32\Test01\STM32F411RETX_FLASH.ld" --specs=nosys.specs -Wl,-Map="Test01.map" -Wl,--gc-sections -static --specs=nano.specs -mfpu=fpv4-sp-d16 -mfloat-abi=hard -mthumb -Wl,--start-group -lc -lm -Wl,--end-group
C:/ST/STM32CubeIDE_1.14.1/STM32CubeIDE/plugins/com.st.stm32cube.ide.mcu.externaltools.gnu-tools-for-stm32.11.3.rel1.win32_1.1.100.202309141235/tools/bin/../lib/gcc/arm-none-eabi/11.3.1/../../../../arm-none-eabi/bin/ld.exe: ./Core/Src/main.o: in function `main':
C:/Users/user/source/repos/STM32/Test01/Debug/../Core/Src/main.c:93: undefined reference to `HAL_GPIO_Writepin'
C:/ST/STM32CubeIDE_1.14.1/STM32CubeIDE/plugins/com.st.stm32cube.ide.mcu.externaltools.gnu-tools-for-stm32.11.3.rel1.win32_1.1.100.202309141235/tools/bin/../lib/gcc/arm-none-eabi/11.3.1/../../../../arm-none-eabi/bin/ld.exe: C:/Users/user/source/repos/STM32/Test01/Debug/../Core/Src/main.c:100: undefined reference to `HAL_GPIO_WrittenPin'
collect2.exe: error: ld returned 1 exit status
make: *** [makefile:64: Test01.elf] Error 1
"make -j24 all" terminated with exit code 2. Build might be incomplete.
12:14:04 **** Incremental Build of configuration Debug for project Test01 ****
make -j24 all 
arm-none-eabi-gcc "../Core/Src/main.c" -mcpu=cortex-m4 -std=gnu11 -g3 -DDEBUG -DUSE_HAL_DRIVER -DSTM32F411xE -c -I../Core/Inc -I../Drivers/STM32F4xx_HAL_Driver/Inc -I../Drivers/STM32F4xx_HAL_Driver/Inc/Legacy -I../Drivers/CMSIS/Device/ST/STM32F4xx/Include -I../Drivers/CMSIS/Include -O0 -ffunction-sections -fdata-sections -Wall -fstack-usage -fcyclomatic-complexity -MMD -MP -MF"Core/Src/main.d" -MT"Core/Src/main.o" --specs=nano.specs -mfpu=fpv4-sp-d16 -mfloat-abi=hard -mthumb -o "Core/Src/main.o"
../Core/Src/main.c: In function 'main':
../Core/Src/main.c:93:6: warning: implicit declaration of function 'HAL_GPIO_Writepin'; did you mean 'HAL_GPIO_WritePin'? [-Wimplicit-function-declaration]
   93 |   if(HAL_GPIO_Writepin(B1_GPIO_Port, B1_Pin) == 0)
      |      ^~~~~~~~~~~~~~~~~
      |      HAL_GPIO_WritePin
../Core/Src/main.c:100:18: warning: implicit declaration of function 'HAL_GPIO_WrittenPin'; did you mean 'HAL_GPIO_WritePin'? [-Wimplicit-function-declaration]
  100 |           else  {HAL_GPIO_WrittenPin(LD2_GPIO_Port, LD2_Pin, 0);
      |                  ^~~~~~~~~~~~~~~~~~~
      |                  HAL_GPIO_WritePin
arm-none-eabi-gcc -o "Test01.elf" @"objects.list"   -mcpu=cortex-m4 -T"C:\Users\user\source\repos\STM32\Test01\STM32F411RETX_FLASH.ld" --specs=nosys.specs -Wl,-Map="Test01.map" -Wl,--gc-sections -static --specs=nano.specs -mfpu=fpv4-sp-d16 -mfloat-abi=hard -mthumb -Wl,--start-group -lc -lm -Wl,--end-group
C:/ST/STM32CubeIDE_1.14.1/STM32CubeIDE/plugins/com.st.stm32cube.ide.mcu.externaltools.gnu-tools-for-stm32.11.3.rel1.win32_1.1.100.202309141235/tools/bin/../lib/gcc/arm-none-eabi/11.3.1/../../../../arm-none-eabi/bin/ld.exe: ./Core/Src/main.o: in function `main':
C:/Users/user/source/repos/STM32/Test01/Debug/../Core/Src/main.c:93: undefined reference to `HAL_GPIO_Writepin'
C:/ST/STM32CubeIDE_1.14.1/STM32CubeIDE/plugins/com.st.stm32cube.ide.mcu.externaltools.gnu-tools-for-stm32.11.3.rel1.win32_1.1.100.202309141235/tools/bin/../lib/gcc/arm-none-eabi/11.3.1/../../../../arm-none-eabi/bin/ld.exe: C:/Users/user/source/repos/STM32/Test01/Debug/../Core/Src/main.c:100: undefined reference to `HAL_GPIO_WrittenPin'
collect2.exe: error: ld returned 1 exit status
make: *** [makefile:64: Test01.elf] Error 1
"make -j24 all" terminated with exit code 2. Build might be incomplete.
12:14:27 **** Incremental Build of configuration Debug for project Test01 ****
make -j24 all 
arm-none-eabi-gcc "../Core/Src/main.c" -mcpu=cortex-m4 -std=gnu11 -g3 -DDEBUG -DUSE_HAL_DRIVER -DSTM32F411xE -c -I../Core/Inc -I../Drivers/STM32F4xx_HAL_Driver/Inc -I../Drivers/STM32F4xx_HAL_Driver/Inc/Legacy -I../Drivers/CMSIS/Device/ST/STM32F4xx/Include -I../Drivers/CMSIS/Include -O0 -ffunction-sections -fdata-sections -Wall -fstack-usage -fcyclomatic-complexity -MMD -MP -MF"Core/Src/main.d" -MT"Core/Src/main.o" --specs=nano.specs -mfpu=fpv4-sp-d16 -mfloat-abi=hard -mthumb -o "Core/Src/main.o"
../Core/Src/main.c: In function 'main':
../Core/Src/main.c:93:6: warning: implicit declaration of function 'HAL_GPIO_Writtepin'; did you mean 'HAL_GPIO_WritePin'? [-Wimplicit-function-declaration]
   93 |   if(HAL_GPIO_Writtepin(B1_GPIO_Port, B1_Pin) == 0)
      |      ^~~~~~~~~~~~~~~~~~
      |      HAL_GPIO_WritePin
../Core/Src/main.c:100:18: warning: implicit declaration of function 'HAL_GPIO_WrittenPin'; did you mean 'HAL_GPIO_WritePin'? [-Wimplicit-function-declaration]
  100 |           else  {HAL_GPIO_WrittenPin(LD2_GPIO_Port, LD2_Pin, 0);
      |                  ^~~~~~~~~~~~~~~~~~~
      |                  HAL_GPIO_WritePin
arm-none-eabi-gcc -o "Test01.elf" @"objects.list"   -mcpu=cortex-m4 -T"C:\Users\user\source\repos\STM32\Test01\STM32F411RETX_FLASH.ld" --specs=nosys.specs -Wl,-Map="Test01.map" -Wl,--gc-sections -static --specs=nano.specs -mfpu=fpv4-sp-d16 -mfloat-abi=hard -mthumb -Wl,--start-group -lc -lm -Wl,--end-group
C:/ST/STM32CubeIDE_1.14.1/STM32CubeIDE/plugins/com.st.stm32cube.ide.mcu.externaltools.gnu-tools-for-stm32.11.3.rel1.win32_1.1.100.202309141235/tools/bin/../lib/gcc/arm-none-eabi/11.3.1/../../../../arm-none-eabi/bin/ld.exe: ./Core/Src/main.o: in function `main':
C:/Users/user/source/repos/STM32/Test01/Debug/../Core/Src/main.c:93: undefined reference to `HAL_GPIO_Writtepin'
C:/ST/STM32CubeIDE_1.14.1/STM32CubeIDE/plugins/com.st.stm32cube.ide.mcu.externaltools.gnu-tools-for-stm32.11.3.rel1.win32_1.1.100.202309141235/tools/bin/../lib/gcc/arm-none-eabi/11.3.1/../../../../arm-none-eabi/bin/ld.exe: C:/Users/user/source/repos/STM32/Test01/Debug/../Core/Src/main.c:100: undefined reference to `HAL_GPIO_WrittenPin'
collect2.exe: error: ld returned 1 exit status
make: *** [makefile:64: Test01.elf] Error 1
"make -j24 all" terminated with exit code 2. Build might be incomplete.
12:14:52 **** Incremental Build of configuration Debug for project Test01 ****
make -j24 all 
arm-none-eabi-gcc "../Core/Src/main.c" -mcpu=cortex-m4 -std=gnu11 -g3 -DDEBUG -DUSE_HAL_DRIVER -DSTM32F411xE -c -I../Core/Inc -I../Drivers/STM32F4xx_HAL_Driver/Inc -I../Drivers/STM32F4xx_HAL_Driver/Inc/Legacy -I../Drivers/CMSIS/Device/ST/STM32F4xx/Include -I../Drivers/CMSIS/Include -O0 -ffunction-sections -fdata-sections -Wall -fstack-usage -fcyclomatic-complexity -MMD -MP -MF"Core/Src/main.d" -MT"Core/Src/main.o" --specs=nano.specs -mfpu=fpv4-sp-d16 -mfloat-abi=hard -mthumb -o "Core/Src/main.o"
../Core/Src/main.c: In function 'main':
../Core/Src/main.c:93:6: warning: implicit declaration of function 'HAL_GPIO_Writepin'; did you mean 'HAL_GPIO_WritePin'? [-Wimplicit-function-declaration]
   93 |   if(HAL_GPIO_Writepin(B1_GPIO_Port, B1_Pin) == 0)
      |      ^~~~~~~~~~~~~~~~~
      |      HAL_GPIO_WritePin
arm-none-eabi-gcc -o "Test01.elf" @"objects.list"   -mcpu=cortex-m4 -T"C:\Users\user\source\repos\STM32\Test01\STM32F411RETX_FLASH.ld" --specs=nosys.specs -Wl,-Map="Test01.map" -Wl,--gc-sections -static --specs=nano.specs -mfpu=fpv4-sp-d16 -mfloat-abi=hard -mthumb -Wl,--start-group -lc -lm -Wl,--end-group
C:/ST/STM32CubeIDE_1.14.1/STM32CubeIDE/plugins/com.st.stm32cube.ide.mcu.externaltools.gnu-tools-for-stm32.11.3.rel1.win32_1.1.100.202309141235/tools/bin/../lib/gcc/arm-none-eabi/11.3.1/../../../../arm-none-eabi/bin/ld.exe: ./Core/Src/main.o: in function `main':
C:/Users/user/source/repos/STM32/Test01/Debug/../Core/Src/main.c:93: undefined reference to `HAL_GPIO_Writepin'
collect2.exe: error: ld returned 1 exit status
make: *** [makefile:64: Test01.elf] Error 1
"make -j24 all" terminated with exit code 2. Build might be incomplete.
12:15:13 **** Incremental Build of configuration Debug for project Test01 ****
make -j24 all 
arm-none-eabi-gcc "../Core/Src/main.c" -mcpu=cortex-m4 -std=gnu11 -g3 -DDEBUG -DUSE_HAL_DRIVER -DSTM32F411xE -c -I../Core/Inc -I../Drivers/STM32F4xx_HAL_Driver/Inc -I../Drivers/STM32F4xx_HAL_Driver/Inc/Legacy -I../Drivers/CMSIS/Device/ST/STM32F4xx/Include -I../Drivers/CMSIS/Include -O0 -ffunction-sections -fdata-sections -Wall -fstack-usage -fcyclomatic-complexity -MMD -MP -MF"Core/Src/main.d" -MT"Core/Src/main.o" --specs=nano.specs -mfpu=fpv4-sp-d16 -mfloat-abi=hard -mthumb -o "Core/Src/main.o"
../Core/Src/main.c: In function 'main':
../Core/Src/main.c:93:6: warning: implicit declaration of function 'HAL_GPIO_Readpin'; did you mean 'HAL_GPIO_ReadPin'? [-Wimplicit-function-declaration]
   93 |   if(HAL_GPIO_Readpin(B1_GPIO_Port, B1_Pin) == 0)
      |      ^~~~~~~~~~~~~~~~
      |      HAL_GPIO_ReadPin
arm-none-eabi-gcc -o "Test01.elf" @"objects.list"   -mcpu=cortex-m4 -T"C:\Users\user\source\repos\STM32\Test01\STM32F411RETX_FLASH.ld" --specs=nosys.specs -Wl,-Map="Test01.map" -Wl,--gc-sections -static --specs=nano.specs -mfpu=fpv4-sp-d16 -mfloat-abi=hard -mthumb -Wl,--start-group -lc -lm -Wl,--end-group
C:/ST/STM32CubeIDE_1.14.1/STM32CubeIDE/plugins/com.st.stm32cube.ide.mcu.externaltools.gnu-tools-for-stm32.11.3.rel1.win32_1.1.100.202309141235/tools/bin/../lib/gcc/arm-none-eabi/11.3.1/../../../../arm-none-eabi/bin/ld.exe: ./Core/Src/main.o: in function `main':
C:/Users/user/source/repos/STM32/Test01/Debug/../Core/Src/main.c:93: undefined reference to `HAL_GPIO_Readpin'
collect2.exe: error: ld returned 1 exit status
make: *** [makefile:64: Test01.elf] Error 1
"make -j24 all" terminated with exit code 2. Build might be incomplete.
12:15:23 **** Incremental Build of configuration Debug for project Test01 ****
make -j24 all 
arm-none-eabi-gcc "../Core/Src/main.c" -mcpu=cortex-m4 -std=gnu11 -g3 -DDEBUG -DUSE_HAL_DRIVER -DSTM32F411xE -c -I../Core/Inc -I../Drivers/STM32F4xx_HAL_Driver/Inc -I../Drivers/STM32F4xx_HAL_Driver/Inc/Legacy -I../Drivers/CMSIS/Device/ST/STM32F4xx/Include -I../Drivers/CMSIS/Include -O0 -ffunction-sections -fdata-sections -Wall -fstack-usage -fcyclomatic-complexity -MMD -MP -MF"Core/Src/main.d" -MT"Core/Src/main.o" --specs=nano.specs -mfpu=fpv4-sp-d16 -mfloat-abi=hard -mthumb -o "Core/Src/main.o"
../Core/Src/main.c: In function 'main':
../Core/Src/main.c:93:6: warning: implicit declaration of function 'HAL_GPIO_Readpin'; did you mean 'HAL_GPIO_ReadPin'? [-Wimplicit-function-declaration]
   93 |   if(HAL_GPIO_Readpin(B1_GPIO_Port, B1_Pin) == 0)
      |      ^~~~~~~~~~~~~~~~
      |      HAL_GPIO_ReadPin
../Core/Src/main.c:100:18: error: too many arguments to function 'HAL_GPIO_ReadPin'
  100 |           else  {HAL_GPIO_ReadPin(LD2_GPIO_Port, LD2_Pin, 0);
      |                  ^~~~~~~~~~~~~~~~
In file included from ../Core/Inc/stm32f4xx_hal_conf.h:279,
                 from ../Drivers/STM32F4xx_HAL_Driver/Inc/stm32f4xx_hal.h:29,
                 from ../Core/Inc/main.h:30,
                 from ../Core/Src/main.c:20:
../Drivers/STM32F4xx_HAL_Driver/Inc/stm32f4xx_hal_gpio.h:234:15: note: declared here
  234 | GPIO_PinState HAL_GPIO_ReadPin(GPIO_TypeDef* GPIOx, uint16_t GPIO_Pin);
      |               ^~~~~~~~~~~~~~~~
make: *** [Core/Src/subdir.mk:34: Core/Src/main.o] Error 1
"make -j24 all" terminated with exit code 2. Build might be incomplete.
12:16:03 **** Incremental Build of configuration Debug for project Test01 ****
make -j24 all 
arm-none-eabi-gcc "../Core/Src/main.c" -mcpu=cortex-m4 -std=gnu11 -g3 -DDEBUG -DUSE_HAL_DRIVER -DSTM32F411xE -c -I../Core/Inc -I../Drivers/STM32F4xx_HAL_Driver/Inc -I../Drivers/STM32F4xx_HAL_Driver/Inc/Legacy -I../Drivers/CMSIS/Device/ST/STM32F4xx/Include -I../Drivers/CMSIS/Include -O0 -ffunction-sections -fdata-sections -Wall -fstack-usage -fcyclomatic-complexity -MMD -MP -MF"Core/Src/main.d" -MT"Core/Src/main.o" --specs=nano.specs -mfpu=fpv4-sp-d16 -mfloat-abi=hard -mthumb -o "Core/Src/main.o"
../Core/Src/main.c: In function 'main':
../Core/Src/main.c:93:6: warning: implicit declaration of function 'HAL_GPIO_Readpin'; did you mean 'HAL_GPIO_ReadPin'? [-Wimplicit-function-declaration]
   93 |   if(HAL_GPIO_Readpin(B1_GPIO_Port, B1_Pin) == 0)
      |      ^~~~~~~~~~~~~~~~
      |      HAL_GPIO_ReadPin
../Core/Src/main.c:100:18: warning: implicit declaration of function 'HAL_GPIO_writePin'; did you mean 'HAL_GPIO_WritePin'? [-Wimplicit-function-declaration]
  100 |           else  {HAL_GPIO_writePin(LD2_GPIO_Port, LD2_Pin, 0);
      |                  ^~~~~~~~~~~~~~~~~
      |                  HAL_GPIO_WritePin
arm-none-eabi-gcc -o "Test01.elf" @"objects.list"   -mcpu=cortex-m4 -T"C:\Users\user\source\repos\STM32\Test01\STM32F411RETX_FLASH.ld" --specs=nosys.specs -Wl,-Map="Test01.map" -Wl,--gc-sections -static --specs=nano.specs -mfpu=fpv4-sp-d16 -mfloat-abi=hard -mthumb -Wl,--start-group -lc -lm -Wl,--end-group
C:/ST/STM32CubeIDE_1.14.1/STM32CubeIDE/plugins/com.st.stm32cube.ide.mcu.externaltools.gnu-tools-for-stm32.11.3.rel1.win32_1.1.100.202309141235/tools/bin/../lib/gcc/arm-none-eabi/11.3.1/../../../../arm-none-eabi/bin/ld.exe: ./Core/Src/main.o: in function `main':
C:/Users/user/source/repos/STM32/Test01/Debug/../Core/Src/main.c:93: undefined reference to `HAL_GPIO_Readpin'
C:/ST/STM32CubeIDE_1.14.1/STM32CubeIDE/plugins/com.st.stm32cube.ide.mcu.externaltools.gnu-tools-for-stm32.11.3.rel1.win32_1.1.100.202309141235/tools/bin/../lib/gcc/arm-none-eabi/11.3.1/../../../../arm-none-eabi/bin/ld.exe: C:/Users/user/source/repos/STM32/Test01/Debug/../Core/Src/main.c:100: undefined reference to `HAL_GPIO_writePin'
collect2.exe: error: ld returned 1 exit status
make: *** [makefile:64: Test01.elf] Error 1
"make -j24 all" terminated with exit code 2. Build might be incomplete.
12:35:34 **** Incremental Build of configuration Debug for project Test01 ****
make -j24 all 
arm-none-eabi-gcc "../Core/Src/main.c" -mcpu=cortex-m4 -std=gnu11 -g3 -DDEBUG -DUSE_HAL_DRIVER -DSTM32F411xE -c -I../Core/Inc -I../Drivers/STM32F4xx_HAL_Driver/Inc -I../Drivers/STM32F4xx_HAL_Driver/Inc/Legacy -I../Drivers/CMSIS/Device/ST/STM32F4xx/Include -I../Drivers/CMSIS/Include -O0 -ffunction-sections -fdata-sections -Wall -fstack-usage -fcyclomatic-complexity -MMD -MP -MF"Core/Src/main.d" -MT"Core/Src/main.o" --specs=nano.specs -mfpu=fpv4-sp-d16 -mfloat-abi=hard -mthumb -o "Core/Src/main.o"
../Core/Src/main.c: In function 'main':
../Core/Src/main.c:94:9: warning: implicit declaration of function 'HAL_GPIO_Readpin'; did you mean 'HAL_GPIO_ReadPin'? [-Wimplicit-function-declaration]
   94 |   while(HAL_GPIO_Readpin(B1_GPIO_PORT, B1_Pin)); //wait until B1 == 0 (Press)
      |         ^~~~~~~~~~~~~~~~
      |         HAL_GPIO_ReadPin
../Core/Src/main.c:94:26: error: 'B1_GPIO_PORT' undeclared (first use in this function); did you mean 'B1_GPIO_Port'?
   94 |   while(HAL_GPIO_Readpin(B1_GPIO_PORT, B1_Pin)); //wait until B1 == 0 (Press)
      |                          ^~~~~~~~~~~~
      |                          B1_GPIO_Port
../Core/Src/main.c:94:26: note: each undeclared identifier is reported only once for each function it appears in
../Core/Src/main.c:94:3: warning: this 'while' clause does not guard... [-Wmisleading-indentation]
   94 |   while(HAL_GPIO_Readpin(B1_GPIO_PORT, B1_Pin)); //wait until B1 == 0 (Press)
      |   ^~~~~
../Core/Src/main.c:97:11: note: ...this statement, but the latter is misleadingly indented as if it were guarded by the 'while'
   97 |           while (1){
      |           ^~~~~
make: *** [Core/Src/subdir.mk:34: Core/Src/main.o] Error 1
"make -j24 all" terminated with exit code 2. Build might be incomplete.
12:35:56 **** Incremental Build of configuration Debug for project Test01 ****
make -j24 all 
arm-none-eabi-gcc "../Core/Src/main.c" -mcpu=cortex-m4 -std=gnu11 -g3 -DDEBUG -DUSE_HAL_DRIVER -DSTM32F411xE -c -I../Core/Inc -I../Drivers/STM32F4xx_HAL_Driver/Inc -I../Drivers/STM32F4xx_HAL_Driver/Inc/Legacy -I../Drivers/CMSIS/Device/ST/STM32F4xx/Include -I../Drivers/CMSIS/Include -O0 -ffunction-sections -fdata-sections -Wall -fstack-usage -fcyclomatic-complexity -MMD -MP -MF"Core/Src/main.d" -MT"Core/Src/main.o" --specs=nano.specs -mfpu=fpv4-sp-d16 -mfloat-abi=hard -mthumb -o "Core/Src/main.o"
../Core/Src/main.c: In function 'main':
../Core/Src/main.c:94:9: warning: implicit declaration of function 'HAL_GPIO_Readpin'; did you mean 'HAL_GPIO_ReadPin'? [-Wimplicit-function-declaration]
   94 |   while(HAL_GPIO_Readpin(B1_GPIO_Port, B1_Pin)); //wait until B1 == 0 (Press)
      |         ^~~~~~~~~~~~~~~~
      |         HAL_GPIO_ReadPin
../Core/Src/main.c:94:3: warning: this 'while' clause does not guard... [-Wmisleading-indentation]
   94 |   while(HAL_GPIO_Readpin(B1_GPIO_Port, B1_Pin)); //wait until B1 == 0 (Press)
      |   ^~~~~
../Core/Src/main.c:97:11: note: ...this statement, but the latter is misleadingly indented as if it were guarded by the 'while'
   97 |           while (1){
      |           ^~~~~
arm-none-eabi-gcc -o "Test01.elf" @"objects.list"   -mcpu=cortex-m4 -T"C:\Users\user\source\repos\STM32\Test01\STM32F411RETX_FLASH.ld" --specs=nosys.specs -Wl,-Map="Test01.map" -Wl,--gc-sections -static --specs=nano.specs -mfpu=fpv4-sp-d16 -mfloat-abi=hard -mthumb -Wl,--start-group -lc -lm -Wl,--end-group
C:/ST/STM32CubeIDE_1.14.1/STM32CubeIDE/plugins/com.st.stm32cube.ide.mcu.externaltools.gnu-tools-for-stm32.11.3.rel1.win32_1.1.100.202309141235/tools/bin/../lib/gcc/arm-none-eabi/11.3.1/../../../../arm-none-eabi/bin/ld.exe: ./Core/Src/main.o: in function `main':
C:/Users/user/source/repos/STM32/Test01/Debug/../Core/Src/main.c:94: undefined reference to `HAL_GPIO_Readpin'
collect2.exe: error: ld returned 1 exit status
make: *** [makefile:64: Test01.elf] Error 1
"make -j24 all" terminated with exit code 2. Build might be incomplete.
12:36:24 **** Incremental Build of configuration Debug for project Test01 ****
make -j24 all 
arm-none-eabi-gcc "../Core/Src/main.c" -mcpu=cortex-m4 -std=gnu11 -g3 -DDEBUG -DUSE_HAL_DRIVER -DSTM32F411xE -c -I../Core/Inc -I../Drivers/STM32F4xx_HAL_Driver/Inc -I../Drivers/STM32F4xx_HAL_Driver/Inc/Legacy -I../Drivers/CMSIS/Device/ST/STM32F4xx/Include -I../Drivers/CMSIS/Include -O0 -ffunction-sections -fdata-sections -Wall -fstack-usage -fcyclomatic-complexity -MMD -MP -MF"Core/Src/main.d" -MT"Core/Src/main.o" --specs=nano.specs -mfpu=fpv4-sp-d16 -mfloat-abi=hard -mthumb -o "Core/Src/main.o"
../Core/Src/main.c: In function 'main':
../Core/Src/main.c:94:9: warning: implicit declaration of function 'HAL_GPIO_Readpin'; did you mean 'HAL_GPIO_ReadPin'? [-Wimplicit-function-declaration]
   94 |   while(HAL_GPIO_Readpin(B1_GPIO_Port, B1_Pin)) //wait until B1 == 0 (Press)
      |         ^~~~~~~~~~~~~~~~
      |         HAL_GPIO_ReadPin
arm-none-eabi-gcc -o "Test01.elf" @"objects.list"   -mcpu=cortex-m4 -T"C:\Users\user\source\repos\STM32\Test01\STM32F411RETX_FLASH.ld" --specs=nosys.specs -Wl,-Map="Test01.map" -Wl,--gc-sections -static --specs=nano.specs -mfpu=fpv4-sp-d16 -mfloat-abi=hard -mthumb -Wl,--start-group -lc -lm -Wl,--end-group
C:/ST/STM32CubeIDE_1.14.1/STM32CubeIDE/plugins/com.st.stm32cube.ide.mcu.externaltools.gnu-tools-for-stm32.11.3.rel1.win32_1.1.100.202309141235/tools/bin/../lib/gcc/arm-none-eabi/11.3.1/../../../../arm-none-eabi/bin/ld.exe: ./Core/Src/main.o: in function `main':
C:/Users/user/source/repos/STM32/Test01/Debug/../Core/Src/main.c:94: undefined reference to `HAL_GPIO_Readpin'
collect2.exe: error: ld returned 1 exit status
make: *** [makefile:64: Test01.elf] Error 1
"make -j24 all" terminated with exit code 2. Build might be incomplete.
12:36:48 **** Incremental Build of configuration Debug for project Test01 ****
make -j24 all 
arm-none-eabi-gcc "../Core/Src/main.c" -mcpu=cortex-m4 -std=gnu11 -g3 -DDEBUG -DUSE_HAL_DRIVER -DSTM32F411xE -c -I../Core/Inc -I../Drivers/STM32F4xx_HAL_Driver/Inc -I../Drivers/STM32F4xx_HAL_Driver/Inc/Legacy -I../Drivers/CMSIS/Device/ST/STM32F4xx/Include -I../Drivers/CMSIS/Include -O0 -ffunction-sections -fdata-sections -Wall -fstack-usage -fcyclomatic-complexity -MMD -MP -MF"Core/Src/main.d" -MT"Core/Src/main.o" --specs=nano.specs -mfpu=fpv4-sp-d16 -mfloat-abi=hard -mthumb -o "Core/Src/main.o"
../Core/Src/main.c: In function 'main':
../Core/Src/main.c:94:9: warning: implicit declaration of function 'HAL_GPIO_Readpin'; did you mean 'HAL_GPIO_ReadPin'? [-Wimplicit-function-declaration]
   94 |   while(HAL_GPIO_Readpin(B1_GPIO_Port, B1_Pin)); //wait until B1 == 0 (Press)
      |         ^~~~~~~~~~~~~~~~
      |         HAL_GPIO_ReadPin
../Core/Src/main.c:94:3: warning: this 'while' clause does not guard... [-Wmisleading-indentation]
   94 |   while(HAL_GPIO_Readpin(B1_GPIO_Port, B1_Pin)); //wait until B1 == 0 (Press)
      |   ^~~~~
../Core/Src/main.c:97:11: note: ...this statement, but the latter is misleadingly indented as if it were guarded by the 'while'
   97 |           while (1){
      |           ^~~~~
arm-none-eabi-gcc -o "Test01.elf" @"objects.list"   -mcpu=cortex-m4 -T"C:\Users\user\source\repos\STM32\Test01\STM32F411RETX_FLASH.ld" --specs=nosys.specs -Wl,-Map="Test01.map" -Wl,--gc-sections -static --specs=nano.specs -mfpu=fpv4-sp-d16 -mfloat-abi=hard -mthumb -Wl,--start-group -lc -lm -Wl,--end-group
C:/ST/STM32CubeIDE_1.14.1/STM32CubeIDE/plugins/com.st.stm32cube.ide.mcu.externaltools.gnu-tools-for-stm32.11.3.rel1.win32_1.1.100.202309141235/tools/bin/../lib/gcc/arm-none-eabi/11.3.1/../../../../arm-none-eabi/bin/ld.exe: ./Core/Src/main.o: in function `main':
C:/Users/user/source/repos/STM32/Test01/Debug/../Core/Src/main.c:94: undefined reference to `HAL_GPIO_Readpin'
collect2.exe: error: ld returned 1 exit status
make: *** [makefile:64: Test01.elf] Error 1
"make -j24 all" terminated with exit code 2. Build might be incomplete.
12:37:42 **** Incremental Build of configuration Debug for project Test01 ****
make -j24 all 
arm-none-eabi-gcc "../Core/Src/main.c" -mcpu=cortex-m4 -std=gnu11 -g3 -DDEBUG -DUSE_HAL_DRIVER -DSTM32F411xE -c -I../Core/Inc -I../Drivers/STM32F4xx_HAL_Driver/Inc -I../Drivers/STM32F4xx_HAL_Driver/Inc/Legacy -I../Drivers/CMSIS/Device/ST/STM32F4xx/Include -I../Drivers/CMSIS/Include -O0 -ffunction-sections -fdata-sections -Wall -fstack-usage -fcyclomatic-complexity -MMD -MP -MF"Core/Src/main.d" -MT"Core/Src/main.o" --specs=nano.specs -mfpu=fpv4-sp-d16 -mfloat-abi=hard -mthumb -o "Core/Src/main.o"
../Core/Src/main.c: In function 'main':
../Core/Src/main.c:94:3: warning: this 'while' clause does not guard... [-Wmisleading-indentation]
   94 |   while(HAL_GPIO_ReadPin(B1_GPIO_Port, B1_Pin)); //wait until B1 == 0 (Press)
      |   ^~~~~
../Core/Src/main.c:97:11: note: ...this statement, but the latter is misleadingly indented as if it were guarded by the 'while'
   97 |           while (1)
      |           ^~~~~
arm-none-eabi-gcc -o "Test01.elf" @"objects.list"   -mcpu=cortex-m4 -T"C:\Users\user\source\repos\STM32\Test01\STM32F411RETX_FLASH.ld" --specs=nosys.specs -Wl,-Map="Test01.map" -Wl,--gc-sections -static --specs=nano.specs -mfpu=fpv4-sp-d16 -mfloat-abi=hard -mthumb -Wl,--start-group -lc -lm -Wl,--end-group
Finished building target: Test01.elf
 
arm-none-eabi-size  Test01.elf 
arm-none-eabi-objdump -h -S Test01.elf  > "Test01.list"
   text	   data	    bss	    dec	    hex	filename
   7824	     20	   1644	   9488	   2510	Test01.elf
Finished building: default.size.stdout
 
Finished building: Test01.list
 
12:37:49 **** Incremental Build of configuration Debug for project Test01 ****
make -j24 all 
arm-none-eabi-size  Test01.elf 
   text	   data	    bss	    dec	    hex	filename
   7824	     20	   1644	   9488	   2510	Test01.elf
Finished building: default.size.stdout
 
12:40:54 **** Incremental Build of configuration Debug for project Test01 ****
make -j24 all 
[...]
      |                                                                ~~~~~~~~~~~~~~~^~~~~
../Core/Src/myLib.c: In function 'ProgramStart':
../Core/Src/myLib.c:19:5: warning: implicit declaration of function 'cls' [-Wimplicit-function-declaration]
   19 |     cls();
      |     ^~~
../Core/Src/myLib.c:20:5: warning: implicit declaration of function 'Cursor' [-Wimplicit-function-declaration]
   20 |     Cursor(0,0);
      |     ^~~~~~
../Core/Src/myLib.c:21:9: warning: implicit declaration of function 'printf' [-Wimplicit-function-declaration]
   21 |         printf("\033[2J\033[0;0H");
      |         ^~~~~~
../Core/Src/myLib.c:3:1: note: include '<stdio.h>' or provide a declaration of 'printf'
    2 | #include "main.h"
  +++ |+#include <stdio.h>
    3 | 
../Core/Src/myLib.c:21:9: warning: incompatible implicit declaration of built-in function 'printf' [-Wbuiltin-declaration-mismatch]
   21 |         printf("\033[2J\033[0;0H");
      |         ^~~~~~
../Core/Src/myLib.c:21:9: note: include '<stdio.h>' or provide a declaration of 'printf'
../Core/Src/myLib.c:22:33: warning: format '%s' expects argument of type 'char *', but argument 2 has type 'int' [-Wformat=]
   22 |         printf("Program Name - %s\r\n", *str);
      |                                ~^       ~~~~
      |                                 |       |
      |                                 char *  int
      |                                %d
make: *** [Core/Src/subdir.mk:37: Core/Src/myLib.o] Error 1
"make -j24 all" terminated with exit code 2. Build might be incomplete.
16:48:24 **** Incremental Build of configuration Debug for project Test001 ****
make -j24 all 
arm-none-eabi-size  Test001.elf 
   text	   data	    bss	    dec	    hex	filename
   8088	     24	   1648	   9760	   2620	Test001.elf
Finished building: default.size.stdout
 
16:48:25 **** Incremental Build of configuration Debug for project Test002 ****
make -j24 all 
arm-none-eabi-size  Test002.elf 
   text	   data	    bss	    dec	    hex	filename
  10900	     24	   1792	  12716	   31ac	Test002.elf
Finished building: default.size.stdout
 
16:48:25 **** Incremental Build of configuration Debug for project Test003 ****
make -j24 all 
arm-none-eabi-gcc "../Core/Src/myLib.c" -mcpu=cortex-m4 -std=gnu11 -g3 -DDEBUG -DUSE_HAL_DRIVER -DSTM32F411xE -c -I../Core/Inc -I../Drivers/STM32F4xx_HAL_Driver/Inc -I../Drivers/STM32F4xx_HAL_Driver/Inc/Legacy -I../Drivers/CMSIS/Device/ST/STM32F4xx/Include -I../Drivers/CMSIS/Include -O0 -ffunction-sections -fdata-sections -Wall -fstack-usage -fcyclomatic-complexity -MMD -MP -MF"Core/Src/myLib.d" -MT"Core/Src/myLib.o" --specs=nano.specs -mfpu=fpv4-sp-d16 -mfloat-abi=hard -mthumb -o "Core/Src/myLib.o"
../Core/Src/myLib.c: In function '__io_putchar':
../Core/Src/myLib.c:8:28: error: 'huart2' undeclared (first use in this function); did you mean 'Huart2'?
    8 |         HAL_UART_Transmit(&huart2, &ch, 1, 10);
      |                            ^~~~~~
      |                            Huart2
../Core/Src/myLib.c:8:28: note: each undeclared identifier is reported only once for each function it appears in
../Core/Src/myLib.c:8:36: warning: passing argument 2 of 'HAL_UART_Transmit' from incompatible pointer type [-Wincompatible-pointer-types]
    8 |         HAL_UART_Transmit(&huart2, &ch, 1, 10);
      |                                    ^~~
      |                                    |
      |                                    int *
In file included from ../Core/Inc/stm32f4xx_hal_conf.h:411,
                 from ../Drivers/STM32F4xx_HAL_Driver/Inc/stm32f4xx_hal.h:29,
                 from ../Core/Inc/main.h:30,
                 from ../Core/Src/myLib.c:2:
../Drivers/STM32F4xx_HAL_Driver/Inc/stm32f4xx_hal_uart.h:745:79: note: expected 'const uint8_t *' {aka 'const unsigned char *'} but argument is of type 'int *'
  745 | HAL_StatusTypeDef HAL_UART_Transmit(UART_HandleTypeDef *huart, const uint8_t *pData, uint16_t Size, uint32_t Timeout);
      |                                                                ~~~~~~~~~~~~~~~^~~~~
../Core/Src/myLib.c: In function 'ProgramStart':
../Core/Src/myLib.c:20:9: warning: implicit declaration of function 'printf' [-Wimplicit-function-declaration]
   20 |         printf("\033[2J\033[0;0H");
      |         ^~~~~~
../Core/Src/myLib.c:3:1: note: include '<stdio.h>' or provide a declaration of 'printf'
    2 | #include "main.h"
  +++ |+#include <stdio.h>
    3 | 
../Core/Src/myLib.c:20:9: warning: incompatible implicit declaration of built-in function 'printf' [-Wbuiltin-declaration-mismatch]
   20 |         printf("\033[2J\033[0;0H");
      |         ^~~~~~
../Core/Src/myLib.c:20:9: note: include '<stdio.h>' or provide a declaration of 'printf'
../Core/Src/myLib.c:21:33: warning: format '%s' expects argument of type 'char *', but argument 2 has type 'int' [-Wformat=]
   21 |         printf("Program Name - %s\r\n", *str);
      |                                ~^       ~~~~
      |                                 |       |
      |                                 char *  int
      |                                %d
../Core/Src/myLib.c: In function 'cls':
../Core/Src/myLib.c:29:9: warning: incompatible implicit declaration of built-in function 'printf' [-Wbuiltin-declaration-mismatch]
   29 |         printf("\033[2J");
      |         ^~~~~~
../Core/Src/myLib.c:29:9: note: include '<stdio.h>' or provide a declaration of 'printf'
../Core/Src/myLib.c: In function 'Cursor':
../Core/Src/myLib.c:34:9: warning: implicit declaration of function 'sprintf' [-Wimplicit-function-declaration]
   34 |         sprintf(buf, "\033[%d;%dH", y, x);
      |         ^~~~~~~
../Core/Src/myLib.c:34:9: note: include '<stdio.h>' or provide a declaration of 'sprintf'
../Core/Src/myLib.c:34:9: warning: incompatible implicit declaration of built-in function 'sprintf' [-Wbuiltin-declaration-mismatch]
../Core/Src/myLib.c:34:9: note: include '<stdio.h>' or provide a declaration of 'sprintf'
../Core/Src/myLib.c:35:9: warning: implicit declaration of function 'puts' [-Wimplicit-function-declaration]
   35 |         puts(buf);
      |         ^~~~
../Core/Src/myLib.c:35:9: note: include '<stdio.h>' or provide a declaration of 'puts'
make: *** [Core/Src/subdir.mk:37: Core/Src/myLib.o] Error 1
"make -j24 all" terminated with exit code 2. Build might be incomplete.
16:50:54 **** Incremental Build of configuration Debug for project Test001 ****
make -j24 all 
arm-none-eabi-size  Test001.elf 
   text	   data	    bss	    dec	    hex	filename
   8088	     24	   1648	   9760	   2620	Test001.elf
Finished building: default.size.stdout
 
16:50:54 **** Incremental Build of configuration Debug for project Test002 ****
make -j24 all 
arm-none-eabi-size  Test002.elf 
   text	   data	    bss	    dec	    hex	filename
  10900	     24	   1792	  12716	   31ac	Test002.elf
Finished building: default.size.stdout
 
16:50:54 **** Incremental Build of configuration Debug for project Test003 ****
make -j24 all 
arm-none-eabi-gcc "../Core/Src/myLib.c" -mcpu=cortex-m4 -std=gnu11 -g3 -DDEBUG -DUSE_HAL_DRIVER -DSTM32F411xE -c -I../Core/Inc -I../Drivers/STM32F4xx_HAL_Driver/Inc -I../Drivers/STM32F4xx_HAL_Driver/Inc/Legacy -I../Drivers/CMSIS/Device/ST/STM32F4xx/Include -I../Drivers/CMSIS/Include -O0 -ffunction-sections -fdata-sections -Wall -fstack-usage -fcyclomatic-complexity -MMD -MP -MF"Core/Src/myLib.d" -MT"Core/Src/myLib.o" --specs=nano.specs -mfpu=fpv4-sp-d16 -mfloat-abi=hard -mthumb -o "Core/Src/myLib.o"
In file included from ../Core/Src/myLib.c:3:
../Core/Src/main.c: In function '__io_putchar':
../Core/Src/main.c:62:36: warning: passing argument 2 of 'HAL_UART_Transmit' from incompatible pointer type [-Wincompatible-pointer-types]
   62 |         HAL_UART_Transmit(&huart2, &ch, 1, 10);
      |                                    ^~~
      |                                    |
      |                                    int *
In file included from ../Core/Inc/stm32f4xx_hal_conf.h:411,
                 from ../Drivers/STM32F4xx_HAL_Driver/Inc/stm32f4xx_hal.h:29,
                 from ../Core/Inc/main.h:30,
                 from ../Core/Src/myLib.c:2:
../Drivers/STM32F4xx_HAL_Driver/Inc/stm32f4xx_hal_uart.h:745:79: note: expected 'const uint8_t *' {aka 'const unsigned char *'} but argument is of type 'int *'
  745 | HAL_StatusTypeDef HAL_UART_Transmit(UART_HandleTypeDef *huart, const uint8_t *pData, uint16_t Size, uint32_t Timeout);
      |                                                                ~~~~~~~~~~~~~~~^~~~~
In file included from ../Core/Src/myLib.c:3:
../Core/Src/main.c: In function 'ProgramStart':
../Core/Src/main.c:73:9: warning: implicit declaration of function 'printf' [-Wimplicit-function-declaration]
   73 |         printf("\033[2J\033[0;0H");
      |         ^~~~~~
../Core/Src/main.c:1:1: note: include '<stdio.h>' or provide a declaration of 'printf'
  +++ |+#include <stdio.h>
    1 | /* USER CODE BEGIN Header */
../Core/Src/main.c:73:9: warning: incompatible implicit declaration of built-in function 'printf' [-Wbuiltin-declaration-mismatch]
   73 |         printf("\033[2J\033[0;0H");
      |         ^~~~~~
../Core/Src/main.c:73:9: note: include '<stdio.h>' or provide a declaration of 'printf'
../Core/Src/main.c:74:33: warning: format '%s' expects argument of type 'char *', but argument 2 has type 'int' [-Wformat=]
   74 |         printf("Program Name - %s\r\n", *str);
      |                                ~^       ~~~~
      |                                 |       |
      |                                 char *  int
      |                                %d
../Core/Src/main.c: In function 'cls':
../Core/Src/main.c:81:9: warning: incompatible implicit declaration of built-in function 'printf' [-Wbuiltin-declaration-mismatch]
   81 |         printf("\033[2J");
      |         ^~~~~~
../Core/Src/main.c:81:9: note: include '<stdio.h>' or provide a declaration of 'printf'
../Core/Src/main.c: In function 'Cursor':
../Core/Src/main.c:86:9: warning: implicit declaration of function 'sprintf' [-Wimplicit-function-declaration]
   86 |         sprintf(buf, "\033[%d;%dH", y, x);
      |         ^~~~~~~
../Core/Src/main.c:86:9: note: include '<stdio.h>' or provide a declaration of 'sprintf'
../Core/Src/main.c:86:9: warning: incompatible implicit declaration of built-in function 'sprintf' [-Wbuiltin-declaration-mismatch]
../Core/Src/main.c:86:9: note: include '<stdio.h>' or provide a declaration of 'sprintf'
../Core/Src/main.c:87:9: warning: implicit declaration of function 'puts' [-Wimplicit-function-declaration]
   87 |         puts(buf);
      |         ^~~~
../Core/Src/main.c:87:9: note: include '<stdio.h>' or provide a declaration of 'puts'
../Core/Src/main.c: In function 'main':
../Core/Src/main.c:132:11: warning: incompatible implicit declaration of built-in function 'printf' [-Wbuiltin-declaration-mismatch]
  132 |           printf("UART Test .... %6.2f\r\n", a);
      |           ^~~~~~
../Core/Src/main.c:132:11: note: include '<stdio.h>' or provide a declaration of 'printf'
../Core/Src/myLib.c: At top level:
../Core/Src/myLib.c:7:5: error: redefinition of '__io_putchar'
    7 | int __io_putchar(int ch)  //4byte
      |     ^~~~~~~~~~~~
In file included from ../Core/Src/myLib.c:3:
../Core/Src/main.c:60:5: note: previous definition of '__io_putchar' with type 'int(int)'
   60 | int __io_putchar(int ch)  //4byte
      |     ^~~~~~~~~~~~
../Core/Src/myLib.c: In function '__io_putchar':
../Core/Src/myLib.c:9:36: warning: passing argument 2 of 'HAL_UART_Transmit' from incompatible pointer type [-Wincompatible-pointer-types]
    9 |         HAL_UART_Transmit(&huart2, &ch, 1, 10);
      |                                    ^~~
      |                                    |
      |                                    int *
In file included from ../Core/Inc/stm32f4xx_hal_conf.h:411,
                 from ../Drivers/STM32F4xx_HAL_Driver/Inc/stm32f4xx_hal.h:29,
                 from ../Core/Inc/main.h:30,
                 from ../Core/Src/myLib.c:2:
../Drivers/STM32F4xx_HAL_Driver/Inc/stm32f4xx_hal_uart.h:745:79: note: expected 'const uint8_t *' {aka 'const unsigned char *'} but argument is of type 'int *'
  745 | HAL_StatusTypeDef HAL_UART_Transmit(UART_HandleTypeDef *huart, const uint8_t *pData, uint16_t Size, uint32_t Timeout);
      |                                                                ~~~~~~~~~~~~~~~^~~~~
../Core/Src/myLib.c: At top level:
../Core/Src/myLib.c:13:6: error: redefinition of 'Standby'
   13 | void Standby()
      |      ^~~~~~~
In file included from ../Core/Src/myLib.c:3:
../Core/Src/main.c:66:6: note: previous definition of 'Standby' with type 'void()'
   66 | void Standby()
      |      ^~~~~~~
../Core/Src/myLib.c:18:6: error: redefinition of 'ProgramStart'
   18 | void ProgramStart (char * str)
      |      ^~~~~~~~~~~~
In file included from ../Core/Src/myLib.c:3:
../Core/Src/main.c:71:6: note: previous definition of 'ProgramStart' with type 'void(char *)'
   71 | void ProgramStart (char * str)
      |      ^~~~~~~~~~~~
../Core/Src/myLib.c: In function 'ProgramStart':
../Core/Src/myLib.c:21:9: warning: incompatible implicit declaration of built-in function 'printf' [-Wbuiltin-declaration-mismatch]
   21 |         printf("\033[2J\033[0;0H");
      |         ^~~~~~
../Core/Src/myLib.c:4:1: note: include '<stdio.h>' or provide a declaration of 'printf'
    3 | #include "main.c"
  +++ |+#include <stdio.h>
    4 | 
../Core/Src/myLib.c:22:33: warning: format '%s' expects argument of type 'char *', but argument 2 has type 'int' [-Wformat=]
   22 |         printf("Program Name - %s\r\n", *str);
      |                                ~^       ~~~~
      |                                 |       |
      |                                 char *  int
      |                                %d
../Core/Src/myLib.c: At top level:
../Core/Src/myLib.c:28:6: error: redefinition of 'cls'
   28 | void cls()
      |      ^~~
In file included from ../Core/Src/myLib.c:3:
../Core/Src/main.c:79:6: note: previous definition of 'cls' with type 'void()'
   79 | void cls()
      |      ^~~
../Core/Src/myLib.c: In function 'cls':
../Core/Src/myLib.c:30:9: warning: incompatible implicit declaration of built-in function 'printf' [-Wbuiltin-declaration-mismatch]
   30 |         printf("\033[2J");
      |         ^~~~~~
../Core/Src/myLib.c:30:9: note: include '<stdio.h>' or provide a declaration of 'printf'
../Core/Src/myLib.c: At top level:
../Core/Src/myLib.c:32:6: error: redefinition of 'Cursor'
   32 | void Cursor(int x, int y)
      |      ^~~~~~
In file included from ../Core/Src/myLib.c:3:
../Core/Src/main.c:83:6: note: previous definition of 'Cursor' with type 'void(int,  int)'
   83 | void Cursor(int x, int y)
      |      ^~~~~~
../Core/Src/myLib.c: In function 'Cursor':
../Core/Src/myLib.c:35:9: warning: incompatible implicit declaration of built-in function 'sprintf' [-Wbuiltin-declaration-mismatch]
   35 |         sprintf(buf, "\033[%d;%dH", y, x);
      |         ^~~~~~~
../Core/Src/myLib.c:35:9: note: include '<stdio.h>' or provide a declaration of 'sprintf'
make: *** [Core/Src/subdir.mk:37: Core/Src/myLib.o] Error 1
"make -j24 all" terminated with exit code 2. Build might be incomplete.
16:51:00 **** Incremental Build of configuration Debug for project Test001 ****
make -j24 all 
arm-none-eabi-size  Test001.elf 
   text	   data	    bss	    dec	    hex	filename
   8088	     24	   1648	   9760	   2620	Test001.elf
Finished building: default.size.stdout
 
16:51:01 **** Incremental Build of configuration Debug for project Test002 ****
make -j24 all 
arm-none-eabi-size  Test002.elf 
   text	   data	    bss	    dec	    hex	filename
  10900	     24	   1792	  12716	   31ac	Test002.elf
Finished building: default.size.stdout
 
16:51:01 **** Incremental Build of configuration Debug for project Test003 ****
make -j24 all 
arm-none-eabi-gcc "../Core/Src/myLib.c" -mcpu=cortex-m4 -std=gnu11 -g3 -DDEBUG -DUSE_HAL_DRIVER -DSTM32F411xE -c -I../Core/Inc -I../Drivers/STM32F4xx_HAL_Driver/Inc -I../Drivers/STM32F4xx_HAL_Driver/Inc/Legacy -I../Drivers/CMSIS/Device/ST/STM32F4xx/Include -I../Drivers/CMSIS/Include -O0 -ffunction-sections -fdata-sections -Wall -fstack-usage -fcyclomatic-complexity -MMD -MP -MF"Core/Src/myLib.d" -MT"Core/Src/myLib.o" --specs=nano.specs -mfpu=fpv4-sp-d16 -mfloat-abi=hard -mthumb -o "Core/Src/myLib.o"
../Core/Src/myLib.c: In function '__io_putchar':
../Core/Src/myLib.c:8:28: error: 'huart2' undeclared (first use in this function); did you mean 'Huart2'?
    8 |         HAL_UART_Transmit(&huart2, &ch, 1, 10);
      |                            ^~~~~~
      |                            Huart2
../Core/Src/myLib.c:8:28: note: each undeclared identifier is reported only once for each function it appears in
../Core/Src/myLib.c:8:36: warning: passing argument 2 of 'HAL_UART_Transmit' from incompatible pointer type [-Wincompatible-pointer-types]
    8 |         HAL_UART_Transmit(&huart2, &ch, 1, 10);
      |                                    ^~~
      |                                    |
      |                                    int *
In file included from ../Core/Inc/stm32f4xx_hal_conf.h:411,
                 from ../Drivers/STM32F4xx_HAL_Driver/Inc/stm32f4xx_hal.h:29,
                 from ../Core/Inc/main.h:30,
                 from ../Core/Src/myLib.c:2:
../Drivers/STM32F4xx_HAL_Driver/Inc/stm32f4xx_hal_uart.h:745:79: note: expected 'const uint8_t *' {aka 'const unsigned char *'} but argument is of type 'int *'
  745 | HAL_StatusTypeDef HAL_UART_Transmit(UART_HandleTypeDef *huart, const uint8_t *pData, uint16_t Size, uint32_t Timeout);
      |                                                                ~~~~~~~~~~~~~~~^~~~~
../Core/Src/myLib.c: In function 'ProgramStart':
../Core/Src/myLib.c:20:9: warning: implicit declaration of function 'printf' [-Wimplicit-function-declaration]
   20 |         printf("\033[2J\033[0;0H");
      |         ^~~~~~
../Core/Src/myLib.c:3:1: note: include '<stdio.h>' or provide a declaration of 'printf'
    2 | #include "main.h"
  +++ |+#include <stdio.h>
    3 | 
../Core/Src/myLib.c:20:9: warning: incompatible implicit declaration of built-in function 'printf' [-Wbuiltin-declaration-mismatch]
   20 |         printf("\033[2J\033[0;0H");
      |         ^~~~~~
../Core/Src/myLib.c:20:9: note: include '<stdio.h>' or provide a declaration of 'printf'
../Core/Src/myLib.c:21:33: warning: format '%s' expects argument of type 'char *', but argument 2 has type 'int' [-Wformat=]
   21 |         printf("Program Name - %s\r\n", *str);
      |                                ~^       ~~~~
      |                                 |       |
      |                                 char *  int
      |                                %d
../Core/Src/myLib.c: In function 'cls':
../Core/Src/myLib.c:29:9: warning: incompatible implicit declaration of built-in function 'printf' [-Wbuiltin-declaration-mismatch]
   29 |         printf("\033[2J");
      |         ^~~~~~
../Core/Src/myLib.c:29:9: note: include '<stdio.h>' or provide a declaration of 'printf'
../Core/Src/myLib.c: In function 'Cursor':
../Core/Src/myLib.c:34:9: warning: implicit declaration of function 'sprintf' [-Wimplicit-function-declaration]
   34 |         sprintf(buf, "\033[%d;%dH", y, x);
      |         ^~~~~~~
../Core/Src/myLib.c:34:9: note: include '<stdio.h>' or provide a declaration of 'sprintf'
../Core/Src/myLib.c:34:9: warning: incompatible implicit declaration of built-in function 'sprintf' [-Wbuiltin-declaration-mismatch]
../Core/Src/myLib.c:34:9: note: include '<stdio.h>' or provide a declaration of 'sprintf'
../Core/Src/myLib.c:35:9: warning: implicit declaration of function 'puts' [-Wimplicit-function-declaration]
   35 |         puts(buf);
      |         ^~~~
../Core/Src/myLib.c:35:9: note: include '<stdio.h>' or provide a declaration of 'puts'
make: *** [Core/Src/subdir.mk:37: Core/Src/myLib.o] Error 1
"make -j24 all" terminated with exit code 2. Build might be incomplete.
