14:30:27 **** Incremental Build of configuration Debug for project TeamProject-UltraMotorTest ****
make -j24 all 
arm-none-eabi-gcc "../Core/Src/main.c" -mcpu=cortex-m4 -std=gnu11 -g3 -DDEBUG -DUSE_HAL_DRIVER -DSTM32F411xE -c -I../Core/Inc -I../Drivers/STM32F4xx_HAL_Driver/Inc -I../Drivers/STM32F4xx_HAL_Driver/Inc/Legacy -I../Drivers/CMSIS/Device/ST/STM32F4xx/Include -I../Drivers/CMSIS/Include -O0 -ffunction-sections -fdata-sections -Wall -fstack-usage -fcyclomatic-complexity -MMD -MP -MF"Core/Src/main.d" -MT"Core/Src/main.o" --specs=nano.specs -mfpu=fpv4-sp-d16 -mfloat-abi=hard -mthumb -o "Core/Src/main.o"
../Core/Src/main.c: In function 'main':
../Core/Src/main.c:120:3: warning: implicit declaration of function 'ProgramStart' [-Wimplicit-function-declaration]
  120 |   ProgramStart ("Teamproject_test Start");
      |   ^~~~~~~~~~~~
../Core/Src/main.c:136:11: warning: implicit declaration of function 'printf' [-Wimplicit-function-declaration]
  136 |           printf("Distance = %f\r\n" , dist);
      |           ^~~~~~
../Core/Src/main.c:21:1: note: include '<stdio.h>' or provide a declaration of 'printf'
   20 | #include "main.h"
  +++ |+#include <stdio.h>
   21 | 
../Core/Src/main.c:136:11: warning: incompatible implicit declaration of built-in function 'printf' [-Wbuiltin-declaration-mismatch]
  136 |           printf("Distance = %f\r\n" , dist);
      |           ^~~~~~
../Core/Src/main.c:136:11: note: include '<stdio.h>' or provide a declaration of 'printf'
arm-none-eabi-gcc -o "TeamProject-UltraMotorTest.elf" @"objects.list"   -mcpu=cortex-m4 -T"C:\Users\user\source\repos\STM32\TeamProject-UltraMotorTest\STM32F411RETX_FLASH.ld" --specs=nosys.specs -Wl,-Map="TeamProject-UltraMotorTest.map" -Wl,--gc-sections -static --specs=nano.specs -mfpu=fpv4-sp-d16 -mfloat-abi=hard -mthumb -u _printf_float -u _scanf_float -Wl,--start-group -lc -lm -Wl,--end-group
Finished building target: TeamProject-UltraMotorTest.elf
 
arm-none-eabi-size  TeamProject-UltraMotorTest.elf 
arm-none-eabi-objdump -h -S TeamProject-UltraMotorTest.elf  > "TeamProject-UltraMotorTest.list"
   text	   data	    bss	    dec	    hex	filename
  37456	    476	   2208	  40140	   9ccc	TeamProject-UltraMotorTest.elf
Finished building: default.size.stdout
 
Finished building: TeamProject-UltraMotorTest.list
 

14:30:28 Build Finished. 0 errors, 3 warnings. (took 609ms)

