18:28:36 **** Incremental Build of configuration Debug for project Test010-RTOS ****
make -j24 all 
arm-none-eabi-gcc "../Core/Src/main.c" -mcpu=cortex-m4 -std=gnu11 -g3 -DDEBUG -DUSE_HAL_DRIVER -DSTM32F411xE -c -I../Core/Inc -I../Drivers/STM32F4xx_HAL_Driver/Inc -I../Drivers/STM32F4xx_HAL_Driver/Inc/Legacy -I../Drivers/CMSIS/Device/ST/STM32F4xx/Include -I../Drivers/CMSIS/Include -I../Middlewares/Third_Party/FreeRTOS/Source/include -I../Middlewares/Third_Party/FreeRTOS/Source/CMSIS_RTOS -I../Middlewares/Third_Party/FreeRTOS/Source/portable/GCC/ARM_CM4F -O0 -ffunction-sections -fdata-sections -Wall -fstack-usage -fcyclomatic-complexity -MMD -MP -MF"Core/Src/main.d" -MT"Core/Src/main.o" --specs=nano.specs -mfpu=fpv4-sp-d16 -mfloat-abi=hard -mthumb -o "Core/Src/main.o"
../Core/Src/main.c: In function 'main':
../Core/Src/main.c:205:3: warning: implicit declaration of function 'ProgramStart' [-Wimplicit-function-declaration]
  205 |   ProgramStart("RTOS test....");
      |   ^~~~~~~~~~~~
../Core/Src/main.c: In function 'myStartTask01':
../Core/Src/main.c:434:19: warning: implicit declaration of function 'printf' [-Wimplicit-function-declaration]
  434 |                   printf("Task 01 Ultrasonic (Normal)----------------------- \r\n");
      |                   ^~~~~~
../Core/Src/main.c:22:1: note: include '<stdio.h>' or provide a declaration of 'printf'
   21 | #include "cmsis_os.h"
  +++ |+#include <stdio.h>
   22 | 
../Core/Src/main.c:434:19: warning: incompatible implicit declaration of built-in function 'printf' [-Wbuiltin-declaration-mismatch]
  434 |                   printf("Task 01 Ultrasonic (Normal)----------------------- \r\n");
      |                   ^~~~~~
../Core/Src/main.c:434:19: note: include '<stdio.h>' or provide a declaration of 'printf'
../Core/Src/main.c:427:13: warning: unused variable 'n1' [-Wunused-variable]
  427 |         int n1 = 0;
      |             ^~
../Core/Src/main.c: In function 'myStartTask02':
../Core/Src/main.c:493:17: warning: incompatible implicit declaration of built-in function 'printf' [-Wbuiltin-declaration-mismatch]
  493 |                 printf("Task 02 stepmotor (BelowNormal)----------------------- \r\n");
      |                 ^~~~~~
../Core/Src/main.c:493:17: note: include '<stdio.h>' or provide a declaration of 'printf'
../Core/Src/main.c:473:13: warning: unused variable 'n' [-Wunused-variable]
  473 |         int n=0;
      |             ^
../Core/Src/main.c: In function 'StartTask03':
../Core/Src/main.c:519:17: warning: incompatible implicit declaration of built-in function 'printf' [-Wbuiltin-declaration-mismatch]
  519 |                 printf("Task 03 LED (Low)----------------------- \r\n");
      |                 ^~~~~~
../Core/Src/main.c:519:17: note: include '<stdio.h>' or provide a declaration of 'printf'
../Core/Src/main.c: In function 'StartTask04':
../Core/Src/main.c:549:17: warning: incompatible implicit declaration of built-in function 'printf' [-Wbuiltin-declaration-mismatch]
  549 |                 printf("Task 04 Text (Idle)----------------------- \r\n");
      |                 ^~~~~~
../Core/Src/main.c:549:17: note: include '<stdio.h>' or provide a declaration of 'printf'
../Core/Src/main.c:550:51: warning: format '%d' expects argument of type 'int', but argument 2 has type 'double' [-Wformat=]
  550 |                 printf("sequence end, distance = %d \r\n",distan);
      |                                                  ~^       ~~~~~~
      |                                                   |       |
      |                                                   int     double
      |                                                  %f
arm-none-eabi-gcc -o "Test010-RTOS.elf" @"objects.list"   -mcpu=cortex-m4 -T"C:\Users\user\source\repos\STM32\Test010-RTOS\STM32F411RETX_FLASH.ld" --specs=nosys.specs -Wl,-Map="Test010-RTOS.map" -Wl,--gc-sections -static --specs=nano.specs -mfpu=fpv4-sp-d16 -mfloat-abi=hard -mthumb -u _printf_float -u _scanf_float -Wl,--start-group -lc -lm -Wl,--end-group
Finished building target: Test010-RTOS.elf
 
arm-none-eabi-size  Test010-RTOS.elf 
arm-none-eabi-objdump -h -S Test010-RTOS.elf  > "Test010-RTOS.list"
   text	   data	    bss	    dec	    hex	filename
  47192	    480	  18520	  66192	  10290	Test010-RTOS.elf
Finished building: default.size.stdout
 
Finished building: Test010-RTOS.list
 

18:28:37 Build Finished. 0 errors, 9 warnings. (took 789ms)

