12:20:36 **** Incremental Build of configuration Debug for project Test007-Servo ****
make -j24 all 
arm-none-eabi-gcc "../Core/Src/main.c" -mcpu=cortex-m4 -std=gnu11 -g3 -DDEBUG -DUSE_HAL_DRIVER -DSTM32F411xE -c -I../Core/Inc -I../Drivers/STM32F4xx_HAL_Driver/Inc -I../Drivers/STM32F4xx_HAL_Driver/Inc/Legacy -I../Drivers/CMSIS/Device/ST/STM32F4xx/Include -I../Drivers/CMSIS/Include -O0 -ffunction-sections -fdata-sections -Wall -fstack-usage -fcyclomatic-complexity -MMD -MP -MF"Core/Src/main.d" -MT"Core/Src/main.o" --specs=nano.specs -mfpu=fpv4-sp-d16 -mfloat-abi=hard -mthumb -o "Core/Src/main.o"
../Core/Src/main.c: In function 'main':
../Core/Src/main.c:96:3: warning: implicit declaration of function 'ProgramStart' [-Wimplicit-function-declaration]
   96 |   ProgramStart("Motor Control - Servo");
      |   ^~~~~~~~~~~~
../Core/Src/main.c:110:11: warning: implicit declaration of function 'printf' [-Wimplicit-function-declaration]
  110 |           printf("Input angle : "); scanf("%d", &cval);
      |           ^~~~~~
../Core/Src/main.c:21:1: note: include '<stdio.h>' or provide a declaration of 'printf'
   20 | #include "main.h"
  +++ |+#include <stdio.h>
   21 | 
../Core/Src/main.c:110:11: warning: incompatible implicit declaration of built-in function 'printf' [-Wbuiltin-declaration-mismatch]
  110 |           printf("Input angle : "); scanf("%d", &cval);
      |           ^~~~~~
../Core/Src/main.c:110:11: note: include '<stdio.h>' or provide a declaration of 'printf'
../Core/Src/main.c:110:37: warning: implicit declaration of function 'scanf' [-Wimplicit-function-declaration]
  110 |           printf("Input angle : "); scanf("%d", &cval);
      |                                     ^~~~~
../Core/Src/main.c:110:37: note: include '<stdio.h>' or provide a declaration of 'scanf'
../Core/Src/main.c:110:37: warning: incompatible implicit declaration of built-in function 'scanf' [-Wbuiltin-declaration-mismatch]
../Core/Src/main.c:110:37: note: include '<stdio.h>' or provide a declaration of 'scanf'
../Core/Src/main.c:103:18: warning: unused variable 'dr' [-Wunused-variable]
  103 |   int cval = 23, dr = 1;
      |                  ^~
arm-none-eabi-gcc -o "Test007-Servo.elf" @"objects.list"   -mcpu=cortex-m4 -T"C:\Users\user\source\repos\STM32\Test007-Servo\STM32F411RETX_FLASH.ld" --specs=nosys.specs -Wl,-Map="Test007-Servo.map" -Wl,--gc-sections -static --specs=nano.specs -mfpu=fpv4-sp-d16 -mfloat-abi=hard -mthumb -Wl,--start-group -lc -lm -Wl,--end-group
Finished building target: Test007-Servo.elf
 
arm-none-eabi-size  Test007-Servo.elf 
arm-none-eabi-objdump -h -S Test007-Servo.elf  > "Test007-Servo.list"
   text	   data	    bss	    dec	    hex	filename
  21584	    112	   2048	  23744	   5cc0	Test007-Servo.elf
Finished building: default.size.stdout
 
Finished building: Test007-Servo.list
 

12:20:36 Build Finished. 0 errors, 6 warnings. (took 688ms)

