16:46:17 **** Incremental Build of configuration Debug for project Test01 ****
make -j24 all 
arm-none-eabi-gcc "../Core/Src/main.c" -mcpu=cortex-m4 -std=gnu11 -g3 -DDEBUG -DUSE_HAL_DRIVER -DSTM32F411xE -c -I../Core/Inc -I../Drivers/STM32F4xx_HAL_Driver/Inc -I../Drivers/STM32F4xx_HAL_Driver/Inc/Legacy -I../Drivers/CMSIS/Device/ST/STM32F4xx/Include -I../Drivers/CMSIS/Include -O0 -ffunction-sections -fdata-sections -Wall -fstack-usage -fcyclomatic-complexity -MMD -MP -MF"Core/Src/main.d" -MT"Core/Src/main.o" --specs=nano.specs -mfpu=fpv4-sp-d16 -mfloat-abi=hard -mthumb -o "Core/Src/main.o"
arm-none-eabi-gcc -o "Test01.elf" @"objects.list"   -mcpu=cortex-m4 -T"C:\Users\user\source\repos\STM32\Test01\STM32F411RETX_FLASH.ld" --specs=nosys.specs -Wl,-Map="Test01.map" -Wl,--gc-sections -static --specs=nano.specs -mfpu=fpv4-sp-d16 -mfloat-abi=hard -mthumb -Wl,--start-group -lc -lm -Wl,--end-group
Finished building target: Test01.elf
 
arm-none-eabi-size  Test01.elf 
arm-none-eabi-objdump -h -S Test01.elf  > "Test01.list"
   text	   data	    bss	    dec	    hex	filename
   8088	     24	   1648	   9760	   2620	Test01.elf
Finished building: default.size.stdout
 
Finished building: Test01.list
 

16:46:17 Build Finished. 0 errors, 0 warnings. (took 537ms)

