15:07:49 **** Incremental Build of configuration Debug for project Test012-MotorDriver ****
make -j24 all 
arm-none-eabi-gcc "../Drivers/STM32F4xx_HAL_Driver/Src/stm32f4xx_hal_rcc.c" -mcpu=cortex-m4 -std=gnu11 -g3 -DDEBUG -DUSE_HAL_DRIVER -DSTM32F411xE -c -I../Core/Inc -I../Drivers/STM32F4xx_HAL_Driver/Inc -I../Drivers/STM32F4xx_HAL_Driver/Inc/Legacy -I../Drivers/CMSIS/Device/ST/STM32F4xx/Include -I../Drivers/CMSIS/Include -O0 -ffunction-sections -fdata-sections -Wall -fstack-usage -fcyclomatic-complexity -MMD -MP -MF"Drivers/STM32F4xx_HAL_Driver/Src/stm32f4xx_hal_rcc.d" -MT"Drivers/STM32F4xx_HAL_Driver/Src/stm32f4xx_hal_rcc.o" --specs=nano.specs -mfpu=fpv4-sp-d16 -mfloat-abi=hard -mthumb -o "Drivers/STM32F4xx_HAL_Driver/Src/stm32f4xx_hal_rcc.o"
arm-none-eabi-gcc -o "Test012-MotorDriver.elf" @"objects.list"   -mcpu=cortex-m4 -T"C:\Users\user\source\repos\STM32\Test012-MotorDriver\STM32F411RETX_FLASH.ld" --specs=nosys.specs -Wl,-Map="Test012-MotorDriver.map" -Wl,--gc-sections -static --specs=nano.specs -mfpu=fpv4-sp-d16 -mfloat-abi=hard -mthumb -Wl,--start-group -lc -lm -Wl,--end-group
Finished building target: Test012-MotorDriver.elf
 
arm-none-eabi-size  Test012-MotorDriver.elf 
arm-none-eabi-objdump -h -S Test012-MotorDriver.elf  > "Test012-MotorDriver.list"
   text	   data	    bss	    dec	    hex	filename
  18524	    112	   2048	  20684	   50cc	Test012-MotorDriver.elf
Finished building: default.size.stdout
 
Finished building: Test012-MotorDriver.list
 

15:07:50 Build Finished. 0 errors, 0 warnings. (took 795ms)

