14:50:46 **** Incremental Build of configuration Debug for project Test008-Step ****
make -j24 all 
arm-none-eabi-gcc "../Core/Src/main.c" -mcpu=cortex-m4 -std=gnu11 -g3 -DDEBUG -DUSE_HAL_DRIVER -DSTM32F411xE -c -I../Core/Inc -I../Drivers/STM32F4xx_HAL_Driver/Inc -I../Drivers/STM32F4xx_HAL_Driver/Inc/Legacy -I../Drivers/CMSIS/Device/ST/STM32F4xx/Include -I../Drivers/CMSIS/Include -O0 -ffunction-sections -fdata-sections -Wall -fstack-usage -fcyclomatic-complexity -MMD -MP -MF"Core/Src/main.d" -MT"Core/Src/main.o" --specs=nano.specs -mfpu=fpv4-sp-d16 -mfloat-abi=hard -mthumb -o "Core/Src/main.o"
../Core/Src/main.c: In function 'main':
../Core/Src/main.c:151:3: warning: implicit declaration of function 'ProgramStart' [-Wimplicit-function-declaration]
  151 |   ProgramStart("Step motor Control");
      |   ^~~~~~~~~~~~
arm-none-eabi-gcc -o "Test008-Step.elf" @"objects.list"   -mcpu=cortex-m4 -T"C:\Users\user\source\repos\STM32\Test008-Step\STM32F411RETX_FLASH.ld" --specs=nosys.specs -Wl,-Map="Test008-Step.map" -Wl,--gc-sections -static --specs=nano.specs -mfpu=fpv4-sp-d16 -mfloat-abi=hard -mthumb -u _printf_float -u _scanf_float -Wl,--start-group -lc -lm -Wl,--end-group
Finished building target: Test008-Step.elf
 
arm-none-eabi-size  Test008-Step.elf 
arm-none-eabi-objdump -h -S Test008-Step.elf  > "Test008-Step.list"
   text	   data	    bss	    dec	    hex	filename
  32776	    476	   1980	  35232	   89a0	Test008-Step.elf
Finished building: default.size.stdout
 
Finished building: Test008-Step.list
 

14:50:47 Build Finished. 0 errors, 1 warnings. (took 588ms)

